ssd1306.c:324:14:ssd1306_DegToRad	8	static
ssd1306.c:329:17:ssd1306_NormalizeTo0_360	0	static
ssd1306.c:27:6:ssd1306_Reset	8	static
ssd1306.c:39:6:ssd1306_WriteCommand	24	static
ssd1306.c:47:6:ssd1306_WriteData	16	static
ssd1306.c:66:17:ssd1306_FillBuffer	8	static
ssd1306.c:178:6:ssd1306_Fill	0	static
ssd1306.c:187:6:ssd1306_UpdateScreen	8	static
ssd1306.c:208:6:ssd1306_DrawPixel	0	static
ssd1306.c:228:6:ssd1306_WriteChar	48	static
ssd1306.c:263:6:ssd1306_WriteString	24	static
ssd1306.c:277:6:ssd1306_SetCursor	0	static
ssd1306.c:283:6:ssd1306_Line	48	static
ssd1306.c:310:6:ssd1306_Polyline	32	static
ssd1306.c:345:6:ssd1306_DrawArc	80	static
ssd1306.c:385:6:ssd1306_DrawArcWithRadiusLine	88	static
ssd1306.c:428:6:ssd1306_DrawCircle	48	static
ssd1306.c:463:6:ssd1306_FillCircle	40	static
ssd1306.c:499:6:ssd1306_DrawRectangle	32	static
ssd1306.c:509:6:ssd1306_FillRectangle	32	static
ssd1306.c:524:6:ssd1306_DrawBitmap	48	static
ssd1306.c:548:6:ssd1306_SetContrast	8	static
ssd1306.c:554:6:ssd1306_SetDisplayOn	8	static
ssd1306.c:76:6:ssd1306_Init	8	static
ssd1306.c:566:9:ssd1306_GetDisplayOn	0	static
