stm32f1xx_hal_tim.c:6693:13:TIM_OC1_SetConfig	12	static
stm32f1xx_hal_tim.c:6844:13:TIM_OC3_SetConfig	8	static
stm32f1xx_hal_tim.c:6918:13:TIM_OC4_SetConfig	8	static
stm32f1xx_hal_tim.c:7156:13:TIM_TI1_ConfigInputStage	4	static
stm32f1xx_hal_tim.c:7199:13:TIM_TI2_SetConfig	8	static
stm32f1xx_hal_tim.c:7239:13:TIM_TI2_ConfigInputStage	4	static
stm32f1xx_hal_tim.c:7281:13:TIM_TI3_SetConfig	8	static
stm32f1xx_hal_tim.c:7328:13:TIM_TI4_SetConfig	8	static
stm32f1xx_hal_tim.c:7371:13:TIM_ITRx_SetConfig	0	static
stm32f1xx_hal_tim.c:369:13:HAL_TIM_Base_MspInit	0	static
stm32f1xx_hal_tim.c:384:13:HAL_TIM_Base_MspDeInit	0	static
stm32f1xx_hal_tim.c:326:19:HAL_TIM_Base_DeInit	8	static
stm32f1xx_hal_tim.c:400:19:HAL_TIM_Base_Start	0	static
stm32f1xx_hal_tim.c:439:19:HAL_TIM_Base_Stop	0	static
stm32f1xx_hal_tim.c:459:19:HAL_TIM_Base_Start_IT	0	static
stm32f1xx_hal_tim.c:501:19:HAL_TIM_Base_Stop_IT	0	static
stm32f1xx_hal_tim.c:526:19:HAL_TIM_Base_Start_DMA	8	static
stm32f1xx_hal_tim.c:595:19:HAL_TIM_Base_Stop_DMA	8	static
stm32f1xx_hal_tim.c:752:13:HAL_TIM_OC_MspInit	0	static
stm32f1xx_hal_tim.c:767:13:HAL_TIM_OC_MspDeInit	0	static
stm32f1xx_hal_tim.c:709:19:HAL_TIM_OC_DeInit	8	static
stm32f1xx_hal_tim.c:1394:13:HAL_TIM_PWM_MspInit	0	static
stm32f1xx_hal_tim.c:1409:13:HAL_TIM_PWM_MspDeInit	0	static
stm32f1xx_hal_tim.c:1351:19:HAL_TIM_PWM_DeInit	8	static
stm32f1xx_hal_tim.c:2034:13:HAL_TIM_IC_MspInit	0	static
stm32f1xx_hal_tim.c:2049:13:HAL_TIM_IC_MspDeInit	0	static
stm32f1xx_hal_tim.c:1991:19:HAL_TIM_IC_DeInit	8	static
stm32f1xx_hal_tim.c:2671:13:HAL_TIM_OnePulse_MspInit	0	static
stm32f1xx_hal_tim.c:2686:13:HAL_TIM_OnePulse_MspDeInit	0	static
stm32f1xx_hal_tim.c:2626:19:HAL_TIM_OnePulse_DeInit	8	static
stm32f1xx_hal_tim.c:3106:13:HAL_TIM_Encoder_MspInit	0	static
stm32f1xx_hal_tim.c:3121:13:HAL_TIM_Encoder_MspDeInit	0	static
stm32f1xx_hal_tim.c:3061:19:HAL_TIM_Encoder_DeInit	8	static
stm32f1xx_hal_tim.c:4429:19:HAL_TIM_DMABurst_MultiWriteStart	24	static
stm32f1xx_hal_tim.c:4383:19:HAL_TIM_DMABurst_WriteStart	24	static
stm32f1xx_hal_tim.c:4606:19:HAL_TIM_DMABurst_WriteStop	16	static
stm32f1xx_hal_tim.c:4747:19:HAL_TIM_DMABurst_MultiReadStart	24	static
stm32f1xx_hal_tim.c:4701:19:HAL_TIM_DMABurst_ReadStart	24	static
stm32f1xx_hal_tim.c:4925:19:HAL_TIM_DMABurst_ReadStop	16	static
stm32f1xx_hal_tim.c:5002:19:HAL_TIM_GenerateEvent	0	static
stm32f1xx_hal_tim.c:5315:19:HAL_TIM_ConfigTI1Input	0	static
stm32f1xx_hal_tim.c:5430:10:HAL_TIM_ReadCapturedValue	0	static
stm32f1xx_hal_tim.c:5514:13:HAL_TIM_PeriodElapsedCallback	0	static
stm32f1xx_hal_tim.c:6570:13:TIM_DMAPeriodElapsedCplt	8	static
stm32f1xx_hal_tim.c:5529:13:HAL_TIM_PeriodElapsedHalfCpltCallback	0	static
stm32f1xx_hal_tim.c:6591:13:TIM_DMAPeriodElapsedHalfCplt	8	static
stm32f1xx_hal_tim.c:5544:13:HAL_TIM_OC_DelayElapsedCallback	0	static
stm32f1xx_hal_tim.c:5559:13:HAL_TIM_IC_CaptureCallback	0	static
stm32f1xx_hal_tim.c:6468:6:TIM_DMACaptureCplt	8	static
stm32f1xx_hal_tim.c:5574:13:HAL_TIM_IC_CaptureHalfCpltCallback	0	static
stm32f1xx_hal_tim.c:6531:6:TIM_DMACaptureHalfCplt	8	static
stm32f1xx_hal_tim.c:5589:13:HAL_TIM_PWM_PulseFinishedCallback	0	static
stm32f1xx_hal_tim.c:6370:13:TIM_DMADelayPulseCplt	8	static
stm32f1xx_hal_tim.c:5604:13:HAL_TIM_PWM_PulseFinishedHalfCpltCallback	0	static
stm32f1xx_hal_tim.c:6429:6:TIM_DMADelayPulseHalfCplt	8	static
stm32f1xx_hal_tim.c:5619:13:HAL_TIM_TriggerCallback	0	static
stm32f1xx_hal_tim.c:3749:6:HAL_TIM_IRQHandler	8	static
stm32f1xx_hal_tim.c:6607:13:TIM_DMATriggerCplt	8	static
stm32f1xx_hal_tim.c:5634:13:HAL_TIM_TriggerHalfCpltCallback	0	static
stm32f1xx_hal_tim.c:6628:13:TIM_DMATriggerHalfCplt	8	static
stm32f1xx_hal_tim.c:5649:13:HAL_TIM_ErrorCallback	0	static
stm32f1xx_hal_tim.c:6327:6:TIM_DMAError	8	static
stm32f1xx_hal_tim.c:6207:22:HAL_TIM_Base_GetState	0	static
stm32f1xx_hal_tim.c:6217:22:HAL_TIM_OC_GetState	0	static
stm32f1xx_hal_tim.c:6227:22:HAL_TIM_PWM_GetState	0	static
stm32f1xx_hal_tim.c:6237:22:HAL_TIM_IC_GetState	0	static
stm32f1xx_hal_tim.c:6247:22:HAL_TIM_OnePulse_GetState	0	static
stm32f1xx_hal_tim.c:6257:22:HAL_TIM_Encoder_GetState	0	static
stm32f1xx_hal_tim.c:6267:23:HAL_TIM_GetActiveChannel	0	static
stm32f1xx_hal_tim.c:6285:29:HAL_TIM_GetChannelState	0	static
stm32f1xx_hal_tim.c:6302:30:HAL_TIM_DMABurstState	0	static
stm32f1xx_hal_tim.c:6645:6:TIM_Base_SetConfig	0	static
stm32f1xx_hal_tim.c:267:19:HAL_TIM_Base_Init	8	static
stm32f1xx_hal_tim.c:650:19:HAL_TIM_OC_Init	8	static
stm32f1xx_hal_tim.c:1292:19:HAL_TIM_PWM_Init	8	static
stm32f1xx_hal_tim.c:1932:19:HAL_TIM_IC_Init	8	static
stm32f1xx_hal_tim.c:2558:19:HAL_TIM_OnePulse_Init	16	static
stm32f1xx_hal_tim.c:2948:19:HAL_TIM_Encoder_Init	24	static
stm32f1xx_hal_tim.c:6768:6:TIM_OC2_SetConfig	8	static
stm32f1xx_hal_tim.c:3964:19:HAL_TIM_OC_ConfigChannel	8	static
stm32f1xx_hal_tim.c:4133:19:HAL_TIM_PWM_ConfigChannel	16	static
stm32f1xx_hal_tim.c:7109:6:TIM_TI1_SetConfig	12	static
stm32f1xx_hal_tim.c:4040:19:HAL_TIM_IC_ConfigChannel	16	static
stm32f1xx_hal_tim.c:4244:19:HAL_TIM_OnePulse_ConfigChannel	48	static
stm32f1xx_hal_tim.c:7401:6:TIM_ETR_SetConfig	4	static
stm32f1xx_hal_tim.c:5039:19:HAL_TIM_ConfigOCrefClear	16	static
stm32f1xx_hal_tim.c:5163:19:HAL_TIM_ConfigClockSource	8	static
stm32f1xx_hal_tim.c:6978:26:TIM_SlaveTimer_SetConfig	8	static
stm32f1xx_hal_tim.c:5347:19:HAL_TIM_SlaveConfigSynchro	8	static
stm32f1xx_hal_tim.c:5387:19:HAL_TIM_SlaveConfigSynchro_IT	8	static
stm32f1xx_hal_tim.c:7431:6:TIM_CCxChannelCmd	4	static
stm32f1xx_hal_tim.c:788:19:HAL_TIM_OC_Start	8	static
stm32f1xx_hal_tim.c:842:19:HAL_TIM_OC_Stop	16	static
stm32f1xx_hal_tim.c:877:19:HAL_TIM_OC_Start_IT	8	static
stm32f1xx_hal_tim.c:965:19:HAL_TIM_OC_Stop_IT	16	static
stm32f1xx_hal_tim.c:1036:19:HAL_TIM_OC_Start_DMA	16	static
stm32f1xx_hal_tim.c:1195:19:HAL_TIM_OC_Stop_DMA	16	static
stm32f1xx_hal_tim.c:1430:19:HAL_TIM_PWM_Start	8	static
stm32f1xx_hal_tim.c:1484:19:HAL_TIM_PWM_Stop	16	static
stm32f1xx_hal_tim.c:1519:19:HAL_TIM_PWM_Start_IT	8	static
stm32f1xx_hal_tim.c:1606:19:HAL_TIM_PWM_Stop_IT	16	static
stm32f1xx_hal_tim.c:1677:19:HAL_TIM_PWM_Start_DMA	16	static
stm32f1xx_hal_tim.c:1835:19:HAL_TIM_PWM_Stop_DMA	16	static
stm32f1xx_hal_tim.c:2070:19:HAL_TIM_IC_Start	8	static
stm32f1xx_hal_tim.c:2122:19:HAL_TIM_IC_Stop	16	static
stm32f1xx_hal_tim.c:2152:19:HAL_TIM_IC_Start_IT	8	static
stm32f1xx_hal_tim.c:2237:19:HAL_TIM_IC_Stop_IT	16	static
stm32f1xx_hal_tim.c:2303:19:HAL_TIM_IC_Start_DMA	24	static
stm32f1xx_hal_tim.c:2459:19:HAL_TIM_IC_Stop_DMA	16	static
stm32f1xx_hal_tim.c:2706:19:HAL_TIM_OnePulse_Start	8	static
stm32f1xx_hal_tim.c:2763:19:HAL_TIM_OnePulse_Stop	8	static
stm32f1xx_hal_tim.c:2806:19:HAL_TIM_OnePulse_Start_IT	8	static
stm32f1xx_hal_tim.c:2869:19:HAL_TIM_OnePulse_Stop_IT	8	static
stm32f1xx_hal_tim.c:3141:19:HAL_TIM_Encoder_Start	16	static
stm32f1xx_hal_tim.c:3235:19:HAL_TIM_Encoder_Stop	16	static
stm32f1xx_hal_tim.c:3295:19:HAL_TIM_Encoder_Start_IT	16	static
stm32f1xx_hal_tim.c:3395:19:HAL_TIM_Encoder_Stop_IT	16	static
stm32f1xx_hal_tim.c:3460:19:HAL_TIM_Encoder_Start_DMA	24	static
stm32f1xx_hal_tim.c:3672:19:HAL_TIM_Encoder_Stop_DMA	16	static
