Archive member included to satisfy reference by file (symbol)

/opt/toolchains/gcc-arm-none-eabi/bin/../lib/gcc/arm-none-eabi/7.2.1/thumb/v7-m/libgcc.a(_arm_addsubdf3.o)
                              components/reflow_oven/build/embedded/printf.obj (__aeabi_dsub)
/opt/toolchains/gcc-arm-none-eabi/bin/../lib/gcc/arm-none-eabi/7.2.1/thumb/v7-m/libgcc.a(_arm_muldivdf3.o)
                              components/reflow_oven/build/embedded/printf.obj (__aeabi_dmul)
/opt/toolchains/gcc-arm-none-eabi/bin/../lib/gcc/arm-none-eabi/7.2.1/thumb/v7-m/libgcc.a(_arm_cmpdf2.o)
                              components/reflow_oven/build/embedded/printf.obj (__aeabi_dcmpeq)
/opt/toolchains/gcc-arm-none-eabi/bin/../lib/gcc/arm-none-eabi/7.2.1/thumb/v7-m/libgcc.a(_arm_fixdfsi.o)
                              components/reflow_oven/build/embedded/printf.obj (__aeabi_d2iz)
/opt/toolchains/gcc-arm-none-eabi/bin/../lib/gcc/arm-none-eabi/7.2.1/thumb/v7-m/libgcc.a(_arm_fixunsdfsi.o)
                              components/reflow_oven/build/embedded/printf.obj (__aeabi_d2uiz)
/opt/toolchains/gcc-arm-none-eabi/bin/../lib/gcc/arm-none-eabi/7.2.1/../../../../arm-none-eabi/lib/thumb/v7-m/libg_nano.a(lib_a-exit.o)
                              /opt/toolchains/gcc-arm-none-eabi/bin/../lib/gcc/arm-none-eabi/7.2.1/../../../../arm-none-eabi/lib/thumb/v7-m/crt0.o (exit)
/opt/toolchains/gcc-arm-none-eabi/bin/../lib/gcc/arm-none-eabi/7.2.1/../../../../arm-none-eabi/lib/thumb/v7-m/libg_nano.a(lib_a-impure.o)
                              /opt/toolchains/gcc-arm-none-eabi/bin/../lib/gcc/arm-none-eabi/7.2.1/../../../../arm-none-eabi/lib/thumb/v7-m/libg_nano.a(lib_a-exit.o) (_global_impure_ptr)
/opt/toolchains/gcc-arm-none-eabi/bin/../lib/gcc/arm-none-eabi/7.2.1/../../../../arm-none-eabi/lib/thumb/v7-m/libg_nano.a(lib_a-init.o)
                              /opt/toolchains/gcc-arm-none-eabi/bin/../lib/gcc/arm-none-eabi/7.2.1/../../../../arm-none-eabi/lib/thumb/v7-m/crt0.o (__libc_init_array)
/opt/toolchains/gcc-arm-none-eabi/bin/../lib/gcc/arm-none-eabi/7.2.1/../../../../arm-none-eabi/lib/thumb/v7-m/libg_nano.a(lib_a-memset.o)
                              /opt/toolchains/gcc-arm-none-eabi/bin/../lib/gcc/arm-none-eabi/7.2.1/../../../../arm-none-eabi/lib/thumb/v7-m/crt0.o (memset)
/opt/toolchains/gcc-arm-none-eabi/bin/../lib/gcc/arm-none-eabi/7.2.1/../../../../arm-none-eabi/lib/thumb/v7-m/libnosys.a(_exit.o)
                              /opt/toolchains/gcc-arm-none-eabi/bin/../lib/gcc/arm-none-eabi/7.2.1/../../../../arm-none-eabi/lib/thumb/v7-m/libg_nano.a(lib_a-exit.o) (_exit)

Allocating common symbols
Common symbol       size              file

spi2                0x4               components/reflow_oven/build/HW/HW_spi.obj
uwTick              0x4               components/reflow_oven/build/embedded/stm32f1xx_hal.obj
pFlash              0x20              components/reflow_oven/build/embedded/stm32f1xx_hal_flash.obj

Discarded input sections

 .text          0x0000000000000000        0x0 /opt/toolchains/gcc-arm-none-eabi/bin/../lib/gcc/arm-none-eabi/7.2.1/thumb/v7-m/crti.o
 .data          0x0000000000000000        0x0 /opt/toolchains/gcc-arm-none-eabi/bin/../lib/gcc/arm-none-eabi/7.2.1/thumb/v7-m/crti.o
 .bss           0x0000000000000000        0x0 /opt/toolchains/gcc-arm-none-eabi/bin/../lib/gcc/arm-none-eabi/7.2.1/thumb/v7-m/crti.o
 .data          0x0000000000000000        0x4 /opt/toolchains/gcc-arm-none-eabi/bin/../lib/gcc/arm-none-eabi/7.2.1/thumb/v7-m/crtbegin.o
 .text          0x0000000000000000       0x74 /opt/toolchains/gcc-arm-none-eabi/bin/../lib/gcc/arm-none-eabi/7.2.1/../../../../arm-none-eabi/lib/thumb/v7-m/crt0.o
 .data          0x0000000000000000        0x0 /opt/toolchains/gcc-arm-none-eabi/bin/../lib/gcc/arm-none-eabi/7.2.1/../../../../arm-none-eabi/lib/thumb/v7-m/crt0.o
 .bss           0x0000000000000000        0x0 /opt/toolchains/gcc-arm-none-eabi/bin/../lib/gcc/arm-none-eabi/7.2.1/../../../../arm-none-eabi/lib/thumb/v7-m/crt0.o
 .ARM.extab     0x0000000000000000        0x0 /opt/toolchains/gcc-arm-none-eabi/bin/../lib/gcc/arm-none-eabi/7.2.1/../../../../arm-none-eabi/lib/thumb/v7-m/crt0.o
 .ARM.exidx     0x0000000000000000        0x8 /opt/toolchains/gcc-arm-none-eabi/bin/../lib/gcc/arm-none-eabi/7.2.1/../../../../arm-none-eabi/lib/thumb/v7-m/crt0.o
 .ARM.attributes
                0x0000000000000000       0x1b /opt/toolchains/gcc-arm-none-eabi/bin/../lib/gcc/arm-none-eabi/7.2.1/../../../../arm-none-eabi/lib/thumb/v7-m/crt0.o
 .text          0x0000000000000000        0x0 components/reflow_oven/build/embedded/printf.obj
 .data          0x0000000000000000        0x0 components/reflow_oven/build/embedded/printf.obj
 .bss           0x0000000000000000        0x0 components/reflow_oven/build/embedded/printf.obj
 .text._out_buffer
                0x0000000000000000        0x8 components/reflow_oven/build/embedded/printf.obj
 .text._out_null
                0x0000000000000000        0x2 components/reflow_oven/build/embedded/printf.obj
 .text._out_fct
                0x0000000000000000        0xe components/reflow_oven/build/embedded/printf.obj
 .text._atoi    0x0000000000000000       0x24 components/reflow_oven/build/embedded/printf.obj
 .text._out_rev
                0x0000000000000000       0x74 components/reflow_oven/build/embedded/printf.obj
 .text._ntoa_format
                0x0000000000000000      0x138 components/reflow_oven/build/embedded/printf.obj
 .text._ntoa_long
                0x0000000000000000       0x92 components/reflow_oven/build/embedded/printf.obj
 .text._ftoa    0x0000000000000000      0x354 components/reflow_oven/build/embedded/printf.obj
 .text._vsnprintf
                0x0000000000000000      0x604 components/reflow_oven/build/embedded/printf.obj
 .text._out_char
                0x0000000000000000        0xc components/reflow_oven/build/embedded/printf.obj
 .text.printf_  0x0000000000000000       0x2c components/reflow_oven/build/embedded/printf.obj
 .text.sprintf_
                0x0000000000000000       0x2c components/reflow_oven/build/embedded/printf.obj
 .text.snprintf_
                0x0000000000000000       0x28 components/reflow_oven/build/embedded/printf.obj
 .text.vprintf_
                0x0000000000000000       0x20 components/reflow_oven/build/embedded/printf.obj
 .text.vsnprintf_
                0x0000000000000000       0x1c components/reflow_oven/build/embedded/printf.obj
 .text.fctprintf
                0x0000000000000000       0x30 components/reflow_oven/build/embedded/printf.obj
 .rodata._ftoa.str1.4
                0x0000000000000000       0x15 components/reflow_oven/build/embedded/printf.obj
 .rodata.pow10.4172
                0x0000000000000000       0x50 components/reflow_oven/build/embedded/printf.obj
 .debug_info    0x0000000000000000     0x10f4 components/reflow_oven/build/embedded/printf.obj
 .debug_abbrev  0x0000000000000000      0x30b components/reflow_oven/build/embedded/printf.obj
 .debug_loc     0x0000000000000000     0x1363 components/reflow_oven/build/embedded/printf.obj
 .debug_aranges
                0x0000000000000000       0x98 components/reflow_oven/build/embedded/printf.obj
 .debug_ranges  0x0000000000000000      0x100 components/reflow_oven/build/embedded/printf.obj
 .debug_line    0x0000000000000000      0x53c components/reflow_oven/build/embedded/printf.obj
 .debug_str     0x0000000000000000      0x34d components/reflow_oven/build/embedded/printf.obj
 .comment       0x0000000000000000       0x7f components/reflow_oven/build/embedded/printf.obj
 .debug_frame   0x0000000000000000      0x248 components/reflow_oven/build/embedded/printf.obj
 .ARM.attributes
                0x0000000000000000       0x33 components/reflow_oven/build/embedded/printf.obj
 .text          0x0000000000000000        0x0 components/reflow_oven/build/embedded/stm32f1xx_hal.obj
 .data          0x0000000000000000        0x0 components/reflow_oven/build/embedded/stm32f1xx_hal.obj
 .bss           0x0000000000000000        0x0 components/reflow_oven/build/embedded/stm32f1xx_hal.obj
 .text.HAL_MspDeInit
                0x0000000000000000        0x2 components/reflow_oven/build/embedded/stm32f1xx_hal.obj
 .text.HAL_DeInit
                0x0000000000000000       0x20 components/reflow_oven/build/embedded/stm32f1xx_hal.obj
 .text.HAL_IncTick
                0x0000000000000000       0x18 components/reflow_oven/build/embedded/stm32f1xx_hal.obj
 .text.HAL_GetTick
                0x0000000000000000        0xc components/reflow_oven/build/embedded/stm32f1xx_hal.obj
 .text.HAL_GetTickPrio
                0x0000000000000000        0xc components/reflow_oven/build/embedded/stm32f1xx_hal.obj
 .text.HAL_SetTickFreq
                0x0000000000000000       0x2c components/reflow_oven/build/embedded/stm32f1xx_hal.obj
 .text.HAL_GetTickFreq
                0x0000000000000000        0xc components/reflow_oven/build/embedded/stm32f1xx_hal.obj
 .text.HAL_Delay
                0x0000000000000000       0x28 components/reflow_oven/build/embedded/stm32f1xx_hal.obj
 .text.HAL_SuspendTick
                0x0000000000000000       0x10 components/reflow_oven/build/embedded/stm32f1xx_hal.obj
 .text.HAL_ResumeTick
                0x0000000000000000       0x10 components/reflow_oven/build/embedded/stm32f1xx_hal.obj
 .text.HAL_GetHalVersion
                0x0000000000000000        0x8 components/reflow_oven/build/embedded/stm32f1xx_hal.obj
 .text.HAL_GetREVID
                0x0000000000000000        0xc components/reflow_oven/build/embedded/stm32f1xx_hal.obj
 .text.HAL_GetDEVID
                0x0000000000000000       0x10 components/reflow_oven/build/embedded/stm32f1xx_hal.obj
 .text.HAL_GetUIDw0
                0x0000000000000000        0xc components/reflow_oven/build/embedded/stm32f1xx_hal.obj
 .text.HAL_GetUIDw1
                0x0000000000000000        0xc components/reflow_oven/build/embedded/stm32f1xx_hal.obj
 .text.HAL_GetUIDw2
                0x0000000000000000        0xc components/reflow_oven/build/embedded/stm32f1xx_hal.obj
 .text.HAL_DBGMCU_EnableDBGSleepMode
                0x0000000000000000       0x10 components/reflow_oven/build/embedded/stm32f1xx_hal.obj
 .text.HAL_DBGMCU_DisableDBGSleepMode
                0x0000000000000000       0x10 components/reflow_oven/build/embedded/stm32f1xx_hal.obj
 .text.HAL_DBGMCU_EnableDBGStopMode
                0x0000000000000000       0x10 components/reflow_oven/build/embedded/stm32f1xx_hal.obj
 .text.HAL_DBGMCU_DisableDBGStopMode
                0x0000000000000000       0x10 components/reflow_oven/build/embedded/stm32f1xx_hal.obj
 .text.HAL_DBGMCU_EnableDBGStandbyMode
                0x0000000000000000       0x10 components/reflow_oven/build/embedded/stm32f1xx_hal.obj
 .text.HAL_DBGMCU_DisableDBGStandbyMode
                0x0000000000000000       0x10 components/reflow_oven/build/embedded/stm32f1xx_hal.obj
 COMMON         0x0000000000000000        0x4 components/reflow_oven/build/embedded/stm32f1xx_hal.obj
 .text          0x0000000000000000        0x0 components/reflow_oven/build/embedded/stm32f1xx_hal_cortex.obj
 .data          0x0000000000000000        0x0 components/reflow_oven/build/embedded/stm32f1xx_hal_cortex.obj
 .bss           0x0000000000000000        0x0 components/reflow_oven/build/embedded/stm32f1xx_hal_cortex.obj
 .text.HAL_NVIC_EnableIRQ
                0x0000000000000000       0x18 components/reflow_oven/build/embedded/stm32f1xx_hal_cortex.obj
 .text.HAL_NVIC_DisableIRQ
                0x0000000000000000       0x18 components/reflow_oven/build/embedded/stm32f1xx_hal_cortex.obj
 .text.HAL_NVIC_SystemReset
                0x0000000000000000       0x24 components/reflow_oven/build/embedded/stm32f1xx_hal_cortex.obj
 .text.HAL_NVIC_GetPriorityGrouping
                0x0000000000000000       0x10 components/reflow_oven/build/embedded/stm32f1xx_hal_cortex.obj
 .text.HAL_NVIC_GetPriority
                0x0000000000000000       0x60 components/reflow_oven/build/embedded/stm32f1xx_hal_cortex.obj
 .text.HAL_NVIC_SetPendingIRQ
                0x0000000000000000       0x18 components/reflow_oven/build/embedded/stm32f1xx_hal_cortex.obj
 .text.HAL_NVIC_GetPendingIRQ
                0x0000000000000000       0x1c components/reflow_oven/build/embedded/stm32f1xx_hal_cortex.obj
 .text.HAL_NVIC_ClearPendingIRQ
                0x0000000000000000       0x18 components/reflow_oven/build/embedded/stm32f1xx_hal_cortex.obj
 .text.HAL_NVIC_GetActive
                0x0000000000000000       0x1c components/reflow_oven/build/embedded/stm32f1xx_hal_cortex.obj
 .text.HAL_SYSTICK_CLKSourceConfig
                0x0000000000000000       0x20 components/reflow_oven/build/embedded/stm32f1xx_hal_cortex.obj
 .text.HAL_SYSTICK_Callback
                0x0000000000000000        0x2 components/reflow_oven/build/embedded/stm32f1xx_hal_cortex.obj
 .text.HAL_SYSTICK_IRQHandler
                0x0000000000000000        0x8 components/reflow_oven/build/embedded/stm32f1xx_hal_cortex.obj
 .text          0x0000000000000000        0x0 components/reflow_oven/build/embedded/stm32f1xx_hal_dma.obj
 .data          0x0000000000000000        0x0 components/reflow_oven/build/embedded/stm32f1xx_hal_dma.obj
 .bss           0x0000000000000000        0x0 components/reflow_oven/build/embedded/stm32f1xx_hal_dma.obj
 .text.DMA_SetConfig
                0x0000000000000000       0x2c components/reflow_oven/build/embedded/stm32f1xx_hal_dma.obj
 .text.HAL_DMA_Init
                0x0000000000000000       0x6c components/reflow_oven/build/embedded/stm32f1xx_hal_dma.obj
 .text.HAL_DMA_DeInit
                0x0000000000000000       0x68 components/reflow_oven/build/embedded/stm32f1xx_hal_dma.obj
 .text.HAL_DMA_Start
                0x0000000000000000       0x52 components/reflow_oven/build/embedded/stm32f1xx_hal_dma.obj
 .text.HAL_DMA_Start_IT
                0x0000000000000000       0x76 components/reflow_oven/build/embedded/stm32f1xx_hal_dma.obj
 .text.HAL_DMA_Abort
                0x0000000000000000       0x46 components/reflow_oven/build/embedded/stm32f1xx_hal_dma.obj
 .text.HAL_DMA_Abort_IT
                0x0000000000000000       0x98 components/reflow_oven/build/embedded/stm32f1xx_hal_dma.obj
 .text.HAL_DMA_PollForTransfer
                0x0000000000000000      0x22c components/reflow_oven/build/embedded/stm32f1xx_hal_dma.obj
 .text.HAL_DMA_IRQHandler
                0x0000000000000000      0x144 components/reflow_oven/build/embedded/stm32f1xx_hal_dma.obj
 .text.HAL_DMA_RegisterCallback
                0x0000000000000000       0x50 components/reflow_oven/build/embedded/stm32f1xx_hal_dma.obj
 .text.HAL_DMA_UnRegisterCallback
                0x0000000000000000       0x5e components/reflow_oven/build/embedded/stm32f1xx_hal_dma.obj
 .text.HAL_DMA_GetState
                0x0000000000000000        0x6 components/reflow_oven/build/embedded/stm32f1xx_hal_dma.obj
 .text.HAL_DMA_GetError
                0x0000000000000000        0x4 components/reflow_oven/build/embedded/stm32f1xx_hal_dma.obj
 .debug_info    0x0000000000000000      0x847 components/reflow_oven/build/embedded/stm32f1xx_hal_dma.obj
 .debug_abbrev  0x0000000000000000      0x239 components/reflow_oven/build/embedded/stm32f1xx_hal_dma.obj
 .debug_loc     0x0000000000000000      0x7c6 components/reflow_oven/build/embedded/stm32f1xx_hal_dma.obj
 .debug_aranges
                0x0000000000000000       0x80 components/reflow_oven/build/embedded/stm32f1xx_hal_dma.obj
 .debug_ranges  0x0000000000000000       0x70 components/reflow_oven/build/embedded/stm32f1xx_hal_dma.obj
 .debug_line    0x0000000000000000      0x523 components/reflow_oven/build/embedded/stm32f1xx_hal_dma.obj
 .debug_str     0x0000000000000000      0x6e4 components/reflow_oven/build/embedded/stm32f1xx_hal_dma.obj
 .comment       0x0000000000000000       0x7f components/reflow_oven/build/embedded/stm32f1xx_hal_dma.obj
 .debug_frame   0x0000000000000000      0x148 components/reflow_oven/build/embedded/stm32f1xx_hal_dma.obj
 .ARM.attributes
                0x0000000000000000       0x33 components/reflow_oven/build/embedded/stm32f1xx_hal_dma.obj
 .text          0x0000000000000000        0x0 components/reflow_oven/build/embedded/stm32f1xx_hal_flash.obj
 .data          0x0000000000000000        0x0 components/reflow_oven/build/embedded/stm32f1xx_hal_flash.obj
 .bss           0x0000000000000000        0x0 components/reflow_oven/build/embedded/stm32f1xx_hal_flash.obj
 .text.FLASH_Program_HalfWord
                0x0000000000000000       0x1c components/reflow_oven/build/embedded/stm32f1xx_hal_flash.obj
 .text.FLASH_SetErrorCode
                0x0000000000000000       0x74 components/reflow_oven/build/embedded/stm32f1xx_hal_flash.obj
 .text.HAL_FLASH_Program_IT
                0x0000000000000000       0x64 components/reflow_oven/build/embedded/stm32f1xx_hal_flash.obj
 .text.HAL_FLASH_EndOfOperationCallback
                0x0000000000000000        0x2 components/reflow_oven/build/embedded/stm32f1xx_hal_flash.obj
 .text.HAL_FLASH_OperationErrorCallback
                0x0000000000000000        0x2 components/reflow_oven/build/embedded/stm32f1xx_hal_flash.obj
 .text.HAL_FLASH_IRQHandler
                0x0000000000000000      0x154 components/reflow_oven/build/embedded/stm32f1xx_hal_flash.obj
 .text.HAL_FLASH_Unlock
                0x0000000000000000       0x34 components/reflow_oven/build/embedded/stm32f1xx_hal_flash.obj
 .text.HAL_FLASH_Lock
                0x0000000000000000       0x14 components/reflow_oven/build/embedded/stm32f1xx_hal_flash.obj
 .text.HAL_FLASH_OB_Unlock
                0x0000000000000000       0x28 components/reflow_oven/build/embedded/stm32f1xx_hal_flash.obj
 .text.HAL_FLASH_OB_Lock
                0x0000000000000000       0x14 components/reflow_oven/build/embedded/stm32f1xx_hal_flash.obj
 .text.HAL_FLASH_OB_Launch
                0x0000000000000000        0x8 components/reflow_oven/build/embedded/stm32f1xx_hal_flash.obj
 .text.HAL_FLASH_GetError
                0x0000000000000000        0xc components/reflow_oven/build/embedded/stm32f1xx_hal_flash.obj
 .text.FLASH_WaitForLastOperation
                0x0000000000000000       0x6c components/reflow_oven/build/embedded/stm32f1xx_hal_flash.obj
 .text.HAL_FLASH_Program
                0x0000000000000000       0x9c components/reflow_oven/build/embedded/stm32f1xx_hal_flash.obj
 .debug_info    0x0000000000000000      0x6e1 components/reflow_oven/build/embedded/stm32f1xx_hal_flash.obj
 .debug_abbrev  0x0000000000000000      0x23f components/reflow_oven/build/embedded/stm32f1xx_hal_flash.obj
 .debug_loc     0x0000000000000000      0x337 components/reflow_oven/build/embedded/stm32f1xx_hal_flash.obj
 .debug_aranges
                0x0000000000000000       0x88 components/reflow_oven/build/embedded/stm32f1xx_hal_flash.obj
 .debug_ranges  0x0000000000000000       0x78 components/reflow_oven/build/embedded/stm32f1xx_hal_flash.obj
 .debug_line    0x0000000000000000      0x3bc components/reflow_oven/build/embedded/stm32f1xx_hal_flash.obj
 .debug_str     0x0000000000000000      0x604 components/reflow_oven/build/embedded/stm32f1xx_hal_flash.obj
 .comment       0x0000000000000000       0x7f components/reflow_oven/build/embedded/stm32f1xx_hal_flash.obj
 .debug_frame   0x0000000000000000      0x134 components/reflow_oven/build/embedded/stm32f1xx_hal_flash.obj
 .ARM.attributes
                0x0000000000000000       0x33 components/reflow_oven/build/embedded/stm32f1xx_hal_flash.obj
 COMMON         0x0000000000000000       0x20 components/reflow_oven/build/embedded/stm32f1xx_hal_flash.obj
 .text          0x0000000000000000        0x0 components/reflow_oven/build/embedded/stm32f1xx_hal_gpio.obj
 .data          0x0000000000000000        0x0 components/reflow_oven/build/embedded/stm32f1xx_hal_gpio.obj
 .bss           0x0000000000000000        0x0 components/reflow_oven/build/embedded/stm32f1xx_hal_gpio.obj
 .text.HAL_GPIO_DeInit
                0x0000000000000000       0xf8 components/reflow_oven/build/embedded/stm32f1xx_hal_gpio.obj
 .text.HAL_GPIO_ReadPin
                0x0000000000000000        0xe components/reflow_oven/build/embedded/stm32f1xx_hal_gpio.obj
 .text.HAL_GPIO_WritePin
                0x0000000000000000        0xc components/reflow_oven/build/embedded/stm32f1xx_hal_gpio.obj
 .text.HAL_GPIO_TogglePin
                0x0000000000000000       0x12 components/reflow_oven/build/embedded/stm32f1xx_hal_gpio.obj
 .text.HAL_GPIO_LockPin
                0x0000000000000000       0x2e components/reflow_oven/build/embedded/stm32f1xx_hal_gpio.obj
 .text.HAL_GPIO_EXTI_Callback
                0x0000000000000000        0x2 components/reflow_oven/build/embedded/stm32f1xx_hal_gpio.obj
 .text.HAL_GPIO_EXTI_IRQHandler
                0x0000000000000000       0x1c components/reflow_oven/build/embedded/stm32f1xx_hal_gpio.obj
 .text          0x0000000000000000        0x0 components/reflow_oven/build/embedded/stm32f1xx_hal_rcc.obj
 .data          0x0000000000000000        0x0 components/reflow_oven/build/embedded/stm32f1xx_hal_rcc.obj
 .bss           0x0000000000000000        0x0 components/reflow_oven/build/embedded/stm32f1xx_hal_rcc.obj
 .text.RCC_Delay
                0x0000000000000000       0x2c components/reflow_oven/build/embedded/stm32f1xx_hal_rcc.obj
 .text.HAL_RCC_DeInit
                0x0000000000000000       0xf4 components/reflow_oven/build/embedded/stm32f1xx_hal_rcc.obj
 .text.HAL_RCC_OscConfig
                0x0000000000000000      0x410 components/reflow_oven/build/embedded/stm32f1xx_hal_rcc.obj
 .text.HAL_RCC_MCOConfig
                0x0000000000000000       0x4c components/reflow_oven/build/embedded/stm32f1xx_hal_rcc.obj
 .text.HAL_RCC_EnableCSS
                0x0000000000000000        0xc components/reflow_oven/build/embedded/stm32f1xx_hal_rcc.obj
 .text.HAL_RCC_DisableCSS
                0x0000000000000000        0xc components/reflow_oven/build/embedded/stm32f1xx_hal_rcc.obj
 .text.HAL_RCC_GetSysClockFreq
                0x0000000000000000       0x54 components/reflow_oven/build/embedded/stm32f1xx_hal_rcc.obj
 .text.HAL_RCC_ClockConfig
                0x0000000000000000      0x168 components/reflow_oven/build/embedded/stm32f1xx_hal_rcc.obj
 .text.HAL_RCC_GetHCLKFreq
                0x0000000000000000        0xc components/reflow_oven/build/embedded/stm32f1xx_hal_rcc.obj
 .text.HAL_RCC_GetPCLK1Freq
                0x0000000000000000       0x20 components/reflow_oven/build/embedded/stm32f1xx_hal_rcc.obj
 .text.HAL_RCC_GetPCLK2Freq
                0x0000000000000000       0x20 components/reflow_oven/build/embedded/stm32f1xx_hal_rcc.obj
 .text.HAL_RCC_GetOscConfig
                0x0000000000000000       0xb4 components/reflow_oven/build/embedded/stm32f1xx_hal_rcc.obj
 .text.HAL_RCC_GetClockConfig
                0x0000000000000000       0x3c components/reflow_oven/build/embedded/stm32f1xx_hal_rcc.obj
 .text.HAL_RCC_CSSCallback
                0x0000000000000000        0x2 components/reflow_oven/build/embedded/stm32f1xx_hal_rcc.obj
 .text.HAL_RCC_NMI_IRQHandler
                0x0000000000000000       0x24 components/reflow_oven/build/embedded/stm32f1xx_hal_rcc.obj
 .rodata.aPLLMULFactorTable.6027
                0x0000000000000000       0x10 components/reflow_oven/build/embedded/stm32f1xx_hal_rcc.obj
 .rodata.aPredivFactorTable.6028
                0x0000000000000000        0x2 components/reflow_oven/build/embedded/stm32f1xx_hal_rcc.obj
 .debug_info    0x0000000000000000      0xa09 components/reflow_oven/build/embedded/stm32f1xx_hal_rcc.obj
 .debug_abbrev  0x0000000000000000      0x272 components/reflow_oven/build/embedded/stm32f1xx_hal_rcc.obj
 .debug_loc     0x0000000000000000      0x498 components/reflow_oven/build/embedded/stm32f1xx_hal_rcc.obj
 .debug_aranges
                0x0000000000000000       0x90 components/reflow_oven/build/embedded/stm32f1xx_hal_rcc.obj
 .debug_ranges  0x0000000000000000       0xa0 components/reflow_oven/build/embedded/stm32f1xx_hal_rcc.obj
 .debug_line    0x0000000000000000      0x4c7 components/reflow_oven/build/embedded/stm32f1xx_hal_rcc.obj
 .debug_str     0x0000000000000000      0x6cf components/reflow_oven/build/embedded/stm32f1xx_hal_rcc.obj
 .comment       0x0000000000000000       0x7f components/reflow_oven/build/embedded/stm32f1xx_hal_rcc.obj
 .debug_frame   0x0000000000000000      0x184 components/reflow_oven/build/embedded/stm32f1xx_hal_rcc.obj
 .ARM.attributes
                0x0000000000000000       0x33 components/reflow_oven/build/embedded/stm32f1xx_hal_rcc.obj
 .text          0x0000000000000000        0x0 components/reflow_oven/build/embedded/stm32f1xx_hal_rcc_ex.obj
 .data          0x0000000000000000        0x0 components/reflow_oven/build/embedded/stm32f1xx_hal_rcc_ex.obj
 .bss           0x0000000000000000        0x0 components/reflow_oven/build/embedded/stm32f1xx_hal_rcc_ex.obj
 .text.HAL_RCCEx_PeriphCLKConfig
                0x0000000000000000      0x114 components/reflow_oven/build/embedded/stm32f1xx_hal_rcc_ex.obj
 .text.HAL_RCCEx_GetPeriphCLKConfig
                0x0000000000000000       0x2c components/reflow_oven/build/embedded/stm32f1xx_hal_rcc_ex.obj
 .text.HAL_RCCEx_GetPeriphCLKFreq
                0x0000000000000000       0xe0 components/reflow_oven/build/embedded/stm32f1xx_hal_rcc_ex.obj
 .rodata.aPLLMULFactorTable.5962
                0x0000000000000000       0x10 components/reflow_oven/build/embedded/stm32f1xx_hal_rcc_ex.obj
 .rodata.aPredivFactorTable.5963
                0x0000000000000000        0x2 components/reflow_oven/build/embedded/stm32f1xx_hal_rcc_ex.obj
 .debug_info    0x0000000000000000      0x499 components/reflow_oven/build/embedded/stm32f1xx_hal_rcc_ex.obj
 .debug_abbrev  0x0000000000000000      0x1c6 components/reflow_oven/build/embedded/stm32f1xx_hal_rcc_ex.obj
 .debug_loc     0x0000000000000000      0x399 components/reflow_oven/build/embedded/stm32f1xx_hal_rcc_ex.obj
 .debug_aranges
                0x0000000000000000       0x30 components/reflow_oven/build/embedded/stm32f1xx_hal_rcc_ex.obj
 .debug_ranges  0x0000000000000000       0x38 components/reflow_oven/build/embedded/stm32f1xx_hal_rcc_ex.obj
 .debug_line    0x0000000000000000      0x27a components/reflow_oven/build/embedded/stm32f1xx_hal_rcc_ex.obj
 .debug_str     0x0000000000000000      0x4a8 components/reflow_oven/build/embedded/stm32f1xx_hal_rcc_ex.obj
 .comment       0x0000000000000000       0x7f components/reflow_oven/build/embedded/stm32f1xx_hal_rcc_ex.obj
 .debug_frame   0x0000000000000000       0x60 components/reflow_oven/build/embedded/stm32f1xx_hal_rcc_ex.obj
 .ARM.attributes
                0x0000000000000000       0x33 components/reflow_oven/build/embedded/stm32f1xx_hal_rcc_ex.obj
 .text          0x0000000000000000        0x0 components/reflow_oven/build/embedded/stm32f1xx_ll_spi.obj
 .data          0x0000000000000000        0x0 components/reflow_oven/build/embedded/stm32f1xx_ll_spi.obj
 .bss           0x0000000000000000        0x0 components/reflow_oven/build/embedded/stm32f1xx_ll_spi.obj
 .text.LL_SPI_DeInit
                0x0000000000000000       0x4c components/reflow_oven/build/embedded/stm32f1xx_ll_spi.obj
 .text.LL_SPI_StructInit
                0x0000000000000000       0x1a components/reflow_oven/build/embedded/stm32f1xx_ll_spi.obj
 .text          0x0000000000000000        0x0 components/reflow_oven/build/embedded/stm32f1xx_hal_tim.obj
 .data          0x0000000000000000        0x0 components/reflow_oven/build/embedded/stm32f1xx_hal_tim.obj
 .bss           0x0000000000000000        0x0 components/reflow_oven/build/embedded/stm32f1xx_hal_tim.obj
 .text.TIM_OC1_SetConfig
                0x0000000000000000       0x5c components/reflow_oven/build/embedded/stm32f1xx_hal_tim.obj
 .text.TIM_OC3_SetConfig
                0x0000000000000000       0x64 components/reflow_oven/build/embedded/stm32f1xx_hal_tim.obj
 .text.TIM_OC4_SetConfig
                0x0000000000000000       0x48 components/reflow_oven/build/embedded/stm32f1xx_hal_tim.obj
 .text.TIM_TI1_ConfigInputStage
                0x0000000000000000       0x24 components/reflow_oven/build/embedded/stm32f1xx_hal_tim.obj
 .text.TIM_TI2_SetConfig
                0x0000000000000000       0x34 components/reflow_oven/build/embedded/stm32f1xx_hal_tim.obj
 .text.TIM_TI2_ConfigInputStage
                0x0000000000000000       0x26 components/reflow_oven/build/embedded/stm32f1xx_hal_tim.obj
 .text.TIM_TI3_SetConfig
                0x0000000000000000       0x32 components/reflow_oven/build/embedded/stm32f1xx_hal_tim.obj
 .text.TIM_TI4_SetConfig
                0x0000000000000000       0x34 components/reflow_oven/build/embedded/stm32f1xx_hal_tim.obj
 .text.TIM_ITRx_SetConfig
                0x0000000000000000       0x10 components/reflow_oven/build/embedded/stm32f1xx_hal_tim.obj
 .text.HAL_TIM_Base_MspInit
                0x0000000000000000        0x2 components/reflow_oven/build/embedded/stm32f1xx_hal_tim.obj
 .text.HAL_TIM_Base_MspDeInit
                0x0000000000000000        0x2 components/reflow_oven/build/embedded/stm32f1xx_hal_tim.obj
 .text.HAL_TIM_Base_DeInit
                0x0000000000000000       0x5e components/reflow_oven/build/embedded/stm32f1xx_hal_tim.obj
 .text.HAL_TIM_Base_Start
                0x0000000000000000       0x5c components/reflow_oven/build/embedded/stm32f1xx_hal_tim.obj
 .text.HAL_TIM_Base_Stop
                0x0000000000000000       0x28 components/reflow_oven/build/embedded/stm32f1xx_hal_tim.obj
 .text.HAL_TIM_Base_Start_IT
                0x0000000000000000       0x68 components/reflow_oven/build/embedded/stm32f1xx_hal_tim.obj
 .text.HAL_TIM_Base_Stop_IT
                0x0000000000000000       0x32 components/reflow_oven/build/embedded/stm32f1xx_hal_tim.obj
 .text.HAL_TIM_Base_Start_DMA
                0x0000000000000000       0xb0 components/reflow_oven/build/embedded/stm32f1xx_hal_tim.obj
 .text.HAL_TIM_Base_Stop_DMA
                0x0000000000000000       0x3c components/reflow_oven/build/embedded/stm32f1xx_hal_tim.obj
 .text.HAL_TIM_OC_MspInit
                0x0000000000000000        0x2 components/reflow_oven/build/embedded/stm32f1xx_hal_tim.obj
 .text.HAL_TIM_OC_MspDeInit
                0x0000000000000000        0x2 components/reflow_oven/build/embedded/stm32f1xx_hal_tim.obj
 .text.HAL_TIM_OC_DeInit
                0x0000000000000000       0x5e components/reflow_oven/build/embedded/stm32f1xx_hal_tim.obj
 .text.HAL_TIM_PWM_MspInit
                0x0000000000000000        0x2 components/reflow_oven/build/embedded/stm32f1xx_hal_tim.obj
 .text.HAL_TIM_PWM_MspDeInit
                0x0000000000000000        0x2 components/reflow_oven/build/embedded/stm32f1xx_hal_tim.obj
 .text.HAL_TIM_PWM_DeInit
                0x0000000000000000       0x5e components/reflow_oven/build/embedded/stm32f1xx_hal_tim.obj
 .text.HAL_TIM_IC_MspInit
                0x0000000000000000        0x2 components/reflow_oven/build/embedded/stm32f1xx_hal_tim.obj
 .text.HAL_TIM_IC_MspDeInit
                0x0000000000000000        0x2 components/reflow_oven/build/embedded/stm32f1xx_hal_tim.obj
 .text.HAL_TIM_IC_DeInit
                0x0000000000000000       0x5e components/reflow_oven/build/embedded/stm32f1xx_hal_tim.obj
 .text.HAL_TIM_OnePulse_MspInit
                0x0000000000000000        0x2 components/reflow_oven/build/embedded/stm32f1xx_hal_tim.obj
 .text.HAL_TIM_OnePulse_MspDeInit
                0x0000000000000000        0x2 components/reflow_oven/build/embedded/stm32f1xx_hal_tim.obj
 .text.HAL_TIM_OnePulse_DeInit
                0x0000000000000000       0x4e components/reflow_oven/build/embedded/stm32f1xx_hal_tim.obj
 .text.HAL_TIM_Encoder_MspInit
                0x0000000000000000        0x2 components/reflow_oven/build/embedded/stm32f1xx_hal_tim.obj
 .text.HAL_TIM_Encoder_MspDeInit
                0x0000000000000000        0x2 components/reflow_oven/build/embedded/stm32f1xx_hal_tim.obj
 .text.HAL_TIM_Encoder_DeInit
                0x0000000000000000       0x4e components/reflow_oven/build/embedded/stm32f1xx_hal_tim.obj
 .text.HAL_TIM_DMABurst_MultiWriteStart
                0x0000000000000000      0x1b8 components/reflow_oven/build/embedded/stm32f1xx_hal_tim.obj
 .text.HAL_TIM_DMABurst_WriteStart
                0x0000000000000000       0x16 components/reflow_oven/build/embedded/stm32f1xx_hal_tim.obj
 .text.HAL_TIM_DMABurst_WriteStop
                0x0000000000000000       0x7c components/reflow_oven/build/embedded/stm32f1xx_hal_tim.obj
 .text.HAL_TIM_DMABurst_MultiReadStart
                0x0000000000000000      0x1b8 components/reflow_oven/build/embedded/stm32f1xx_hal_tim.obj
 .text.HAL_TIM_DMABurst_ReadStart
                0x0000000000000000       0x16 components/reflow_oven/build/embedded/stm32f1xx_hal_tim.obj
 .text.HAL_TIM_DMABurst_ReadStop
                0x0000000000000000       0x7c components/reflow_oven/build/embedded/stm32f1xx_hal_tim.obj
 .text.HAL_TIM_GenerateEvent
                0x0000000000000000       0x26 components/reflow_oven/build/embedded/stm32f1xx_hal_tim.obj
 .text.HAL_TIM_ConfigTI1Input
                0x0000000000000000       0x10 components/reflow_oven/build/embedded/stm32f1xx_hal_tim.obj
 .text.HAL_TIM_ReadCapturedValue
                0x0000000000000000       0x32 components/reflow_oven/build/embedded/stm32f1xx_hal_tim.obj
 .text.HAL_TIM_PeriodElapsedCallback
                0x0000000000000000        0x2 components/reflow_oven/build/embedded/stm32f1xx_hal_tim.obj
 .text.TIM_DMAPeriodElapsedCplt
                0x0000000000000000       0x16 components/reflow_oven/build/embedded/stm32f1xx_hal_tim.obj
 .text.HAL_TIM_PeriodElapsedHalfCpltCallback
                0x0000000000000000        0x2 components/reflow_oven/build/embedded/stm32f1xx_hal_tim.obj
 .text.TIM_DMAPeriodElapsedHalfCplt
                0x0000000000000000        0xa components/reflow_oven/build/embedded/stm32f1xx_hal_tim.obj
 .text.HAL_TIM_OC_DelayElapsedCallback
                0x0000000000000000        0x2 components/reflow_oven/build/embedded/stm32f1xx_hal_tim.obj
 .text.HAL_TIM_IC_CaptureCallback
                0x0000000000000000        0x2 components/reflow_oven/build/embedded/stm32f1xx_hal_tim.obj
 .text.TIM_DMACaptureCplt
                0x0000000000000000       0x80 components/reflow_oven/build/embedded/stm32f1xx_hal_tim.obj
 .text.HAL_TIM_IC_CaptureHalfCpltCallback
                0x0000000000000000        0x2 components/reflow_oven/build/embedded/stm32f1xx_hal_tim.obj
 .text.TIM_DMACaptureHalfCplt
                0x0000000000000000       0x3e components/reflow_oven/build/embedded/stm32f1xx_hal_tim.obj
 .text.HAL_TIM_PWM_PulseFinishedCallback
                0x0000000000000000        0x2 components/reflow_oven/build/embedded/stm32f1xx_hal_tim.obj
 .text.TIM_DMADelayPulseCplt
                0x0000000000000000       0x70 components/reflow_oven/build/embedded/stm32f1xx_hal_tim.obj
 .text.HAL_TIM_PWM_PulseFinishedHalfCpltCallback
                0x0000000000000000        0x2 components/reflow_oven/build/embedded/stm32f1xx_hal_tim.obj
 .text.TIM_DMADelayPulseHalfCplt
                0x0000000000000000       0x3e components/reflow_oven/build/embedded/stm32f1xx_hal_tim.obj
 .text.HAL_TIM_TriggerCallback
                0x0000000000000000        0x2 components/reflow_oven/build/embedded/stm32f1xx_hal_tim.obj
 .text.HAL_TIM_IRQHandler
                0x0000000000000000      0x17a components/reflow_oven/build/embedded/stm32f1xx_hal_tim.obj
 .text.TIM_DMATriggerCplt
                0x0000000000000000       0x16 components/reflow_oven/build/embedded/stm32f1xx_hal_tim.obj
 .text.HAL_TIM_TriggerHalfCpltCallback
                0x0000000000000000        0x2 components/reflow_oven/build/embedded/stm32f1xx_hal_tim.obj
 .text.TIM_DMATriggerHalfCplt
                0x0000000000000000        0xa components/reflow_oven/build/embedded/stm32f1xx_hal_tim.obj
 .text.HAL_TIM_ErrorCallback
                0x0000000000000000        0x2 components/reflow_oven/build/embedded/stm32f1xx_hal_tim.obj
 .text.TIM_DMAError
                0x0000000000000000       0x5c components/reflow_oven/build/embedded/stm32f1xx_hal_tim.obj
 .text.HAL_TIM_Base_GetState
                0x0000000000000000        0x6 components/reflow_oven/build/embedded/stm32f1xx_hal_tim.obj
 .text.HAL_TIM_OC_GetState
                0x0000000000000000        0x6 components/reflow_oven/build/embedded/stm32f1xx_hal_tim.obj
 .text.HAL_TIM_PWM_GetState
                0x0000000000000000        0x6 components/reflow_oven/build/embedded/stm32f1xx_hal_tim.obj
 .text.HAL_TIM_IC_GetState
                0x0000000000000000        0x6 components/reflow_oven/build/embedded/stm32f1xx_hal_tim.obj
 .text.HAL_TIM_OnePulse_GetState
                0x0000000000000000        0x6 components/reflow_oven/build/embedded/stm32f1xx_hal_tim.obj
 .text.HAL_TIM_Encoder_GetState
                0x0000000000000000        0x6 components/reflow_oven/build/embedded/stm32f1xx_hal_tim.obj
 .text.HAL_TIM_GetActiveChannel
                0x0000000000000000        0x4 components/reflow_oven/build/embedded/stm32f1xx_hal_tim.obj
 .text.HAL_TIM_GetChannelState
                0x0000000000000000       0x2a components/reflow_oven/build/embedded/stm32f1xx_hal_tim.obj
 .text.HAL_TIM_DMABurstState
                0x0000000000000000        0x6 components/reflow_oven/build/embedded/stm32f1xx_hal_tim.obj
 .text.TIM_Base_SetConfig
                0x0000000000000000       0x74 components/reflow_oven/build/embedded/stm32f1xx_hal_tim.obj
 .text.HAL_TIM_Base_Init
                0x0000000000000000       0x56 components/reflow_oven/build/embedded/stm32f1xx_hal_tim.obj
 .text.HAL_TIM_OC_Init
                0x0000000000000000       0x56 components/reflow_oven/build/embedded/stm32f1xx_hal_tim.obj
 .text.HAL_TIM_PWM_Init
                0x0000000000000000       0x56 components/reflow_oven/build/embedded/stm32f1xx_hal_tim.obj
 .text.HAL_TIM_IC_Init
                0x0000000000000000       0x56 components/reflow_oven/build/embedded/stm32f1xx_hal_tim.obj
 .text.HAL_TIM_OnePulse_Init
                0x0000000000000000       0x5a components/reflow_oven/build/embedded/stm32f1xx_hal_tim.obj
 .text.HAL_TIM_Encoder_Init
                0x0000000000000000       0xb0 components/reflow_oven/build/embedded/stm32f1xx_hal_tim.obj
 .text.TIM_OC2_SetConfig
                0x0000000000000000       0x64 components/reflow_oven/build/embedded/stm32f1xx_hal_tim.obj
 .text.HAL_TIM_OC_ConfigChannel
                0x0000000000000000       0x52 components/reflow_oven/build/embedded/stm32f1xx_hal_tim.obj
 .text.HAL_TIM_PWM_ConfigChannel
                0x0000000000000000       0xd0 components/reflow_oven/build/embedded/stm32f1xx_hal_tim.obj
 .text.TIM_TI1_SetConfig
                0x0000000000000000       0x58 components/reflow_oven/build/embedded/stm32f1xx_hal_tim.obj
 .text.HAL_TIM_IC_ConfigChannel
                0x0000000000000000       0xb4 components/reflow_oven/build/embedded/stm32f1xx_hal_tim.obj
 .text.HAL_TIM_OnePulse_ConfigChannel
                0x0000000000000000       0xf2 components/reflow_oven/build/embedded/stm32f1xx_hal_tim.obj
 .text.TIM_ETR_SetConfig
                0x0000000000000000       0x16 components/reflow_oven/build/embedded/stm32f1xx_hal_tim.obj
 .text.HAL_TIM_ConfigOCrefClear
                0x0000000000000000       0xe4 components/reflow_oven/build/embedded/stm32f1xx_hal_tim.obj
 .text.HAL_TIM_ConfigClockSource
                0x0000000000000000       0xda components/reflow_oven/build/embedded/stm32f1xx_hal_tim.obj
 .text.TIM_SlaveTimer_SetConfig
                0x0000000000000000       0x8a components/reflow_oven/build/embedded/stm32f1xx_hal_tim.obj
 .text.HAL_TIM_SlaveConfigSynchro
                0x0000000000000000       0x58 components/reflow_oven/build/embedded/stm32f1xx_hal_tim.obj
 .text.HAL_TIM_SlaveConfigSynchro_IT
                0x0000000000000000       0x58 components/reflow_oven/build/embedded/stm32f1xx_hal_tim.obj
 .text.TIM_CCxChannelCmd
                0x0000000000000000       0x20 components/reflow_oven/build/embedded/stm32f1xx_hal_tim.obj
 .text.HAL_TIM_OC_Start
                0x0000000000000000       0xe4 components/reflow_oven/build/embedded/stm32f1xx_hal_tim.obj
 .text.HAL_TIM_OC_Stop
                0x0000000000000000       0x84 components/reflow_oven/build/embedded/stm32f1xx_hal_tim.obj
 .text.HAL_TIM_OC_Start_IT
                0x0000000000000000      0x128 components/reflow_oven/build/embedded/stm32f1xx_hal_tim.obj
 .text.HAL_TIM_OC_Stop_IT
                0x0000000000000000       0xc8 components/reflow_oven/build/embedded/stm32f1xx_hal_tim.obj
 .text.HAL_TIM_OC_Start_DMA
                0x0000000000000000      0x234 components/reflow_oven/build/embedded/stm32f1xx_hal_tim.obj
 .text.HAL_TIM_OC_Stop_DMA
                0x0000000000000000       0xe4 components/reflow_oven/build/embedded/stm32f1xx_hal_tim.obj
 .text.HAL_TIM_PWM_Start
                0x0000000000000000       0xe4 components/reflow_oven/build/embedded/stm32f1xx_hal_tim.obj
 .text.HAL_TIM_PWM_Stop
                0x0000000000000000       0x84 components/reflow_oven/build/embedded/stm32f1xx_hal_tim.obj
 .text.HAL_TIM_PWM_Start_IT
                0x0000000000000000      0x128 components/reflow_oven/build/embedded/stm32f1xx_hal_tim.obj
 .text.HAL_TIM_PWM_Stop_IT
                0x0000000000000000       0xc8 components/reflow_oven/build/embedded/stm32f1xx_hal_tim.obj
 .text.HAL_TIM_PWM_Start_DMA
                0x0000000000000000      0x234 components/reflow_oven/build/embedded/stm32f1xx_hal_tim.obj
 .text.HAL_TIM_PWM_Stop_DMA
                0x0000000000000000       0xe4 components/reflow_oven/build/embedded/stm32f1xx_hal_tim.obj
 .text.HAL_TIM_IC_Start
                0x0000000000000000      0x108 components/reflow_oven/build/embedded/stm32f1xx_hal_tim.obj
 .text.HAL_TIM_IC_Stop
                0x0000000000000000       0x80 components/reflow_oven/build/embedded/stm32f1xx_hal_tim.obj
 .text.HAL_TIM_IC_Start_IT
                0x0000000000000000      0x14c components/reflow_oven/build/embedded/stm32f1xx_hal_tim.obj
 .text.HAL_TIM_IC_Stop_IT
                0x0000000000000000       0xc6 components/reflow_oven/build/embedded/stm32f1xx_hal_tim.obj
 .text.HAL_TIM_IC_Start_DMA
                0x0000000000000000      0x21c components/reflow_oven/build/embedded/stm32f1xx_hal_tim.obj
 .text.HAL_TIM_IC_Stop_DMA
                0x0000000000000000       0xdc components/reflow_oven/build/embedded/stm32f1xx_hal_tim.obj
 .text.HAL_TIM_OnePulse_Start
                0x0000000000000000       0x7c components/reflow_oven/build/embedded/stm32f1xx_hal_tim.obj
 .text.HAL_TIM_OnePulse_Stop
                0x0000000000000000       0x78 components/reflow_oven/build/embedded/stm32f1xx_hal_tim.obj
 .text.HAL_TIM_OnePulse_Start_IT
                0x0000000000000000       0x94 components/reflow_oven/build/embedded/stm32f1xx_hal_tim.obj
 .text.HAL_TIM_OnePulse_Stop_IT
                0x0000000000000000       0x8c components/reflow_oven/build/embedded/stm32f1xx_hal_tim.obj
 .text.HAL_TIM_Encoder_Start
                0x0000000000000000       0xce components/reflow_oven/build/embedded/stm32f1xx_hal_tim.obj
 .text.HAL_TIM_Encoder_Stop
                0x0000000000000000       0xc4 components/reflow_oven/build/embedded/stm32f1xx_hal_tim.obj
 .text.HAL_TIM_Encoder_Start_IT
                0x0000000000000000       0xf8 components/reflow_oven/build/embedded/stm32f1xx_hal_tim.obj
 .text.HAL_TIM_Encoder_Stop_IT
                0x0000000000000000       0xee components/reflow_oven/build/embedded/stm32f1xx_hal_tim.obj
 .text.HAL_TIM_Encoder_Start_DMA
                0x0000000000000000      0x244 components/reflow_oven/build/embedded/stm32f1xx_hal_tim.obj
 .text.HAL_TIM_Encoder_Stop_DMA
                0x0000000000000000      0x106 components/reflow_oven/build/embedded/stm32f1xx_hal_tim.obj
 .debug_info    0x0000000000000000     0x35ca components/reflow_oven/build/embedded/stm32f1xx_hal_tim.obj
 .debug_abbrev  0x0000000000000000      0x234 components/reflow_oven/build/embedded/stm32f1xx_hal_tim.obj
 .debug_loc     0x0000000000000000     0x4611 components/reflow_oven/build/embedded/stm32f1xx_hal_tim.obj
 .debug_aranges
                0x0000000000000000      0x3d0 components/reflow_oven/build/embedded/stm32f1xx_hal_tim.obj
 .debug_ranges  0x0000000000000000      0x3c0 components/reflow_oven/build/embedded/stm32f1xx_hal_tim.obj
 .debug_line    0x0000000000000000     0x1ca5 components/reflow_oven/build/embedded/stm32f1xx_hal_tim.obj
 .debug_str     0x0000000000000000     0x171f components/reflow_oven/build/embedded/stm32f1xx_hal_tim.obj
 .comment       0x0000000000000000       0x7f components/reflow_oven/build/embedded/stm32f1xx_hal_tim.obj
 .debug_frame   0x0000000000000000      0xb90 components/reflow_oven/build/embedded/stm32f1xx_hal_tim.obj
 .ARM.attributes
                0x0000000000000000       0x33 components/reflow_oven/build/embedded/stm32f1xx_hal_tim.obj
 .text          0x0000000000000000        0x0 components/reflow_oven/build/embedded/stm32f1xx_hal_tim_ex.obj
 .data          0x0000000000000000        0x0 components/reflow_oven/build/embedded/stm32f1xx_hal_tim_ex.obj
 .bss           0x0000000000000000        0x0 components/reflow_oven/build/embedded/stm32f1xx_hal_tim_ex.obj
 .text.TIM_CCxNChannelCmd
                0x0000000000000000       0x20 components/reflow_oven/build/embedded/stm32f1xx_hal_tim_ex.obj
 .text.TIM_DMAErrorCCxN
                0x0000000000000000       0x44 components/reflow_oven/build/embedded/stm32f1xx_hal_tim_ex.obj
 .text.TIM_DMADelayPulseNCplt
                0x0000000000000000       0x70 components/reflow_oven/build/embedded/stm32f1xx_hal_tim_ex.obj
 .text.HAL_TIMEx_HallSensor_MspInit
                0x0000000000000000        0x2 components/reflow_oven/build/embedded/stm32f1xx_hal_tim_ex.obj
 .text.HAL_TIMEx_HallSensor_Init
                0x0000000000000000       0xd2 components/reflow_oven/build/embedded/stm32f1xx_hal_tim_ex.obj
 .text.HAL_TIMEx_HallSensor_MspDeInit
                0x0000000000000000        0x2 components/reflow_oven/build/embedded/stm32f1xx_hal_tim_ex.obj
 .text.HAL_TIMEx_HallSensor_DeInit
                0x0000000000000000       0x4e components/reflow_oven/build/embedded/stm32f1xx_hal_tim_ex.obj
 .text.HAL_TIMEx_HallSensor_Start
                0x0000000000000000       0xa0 components/reflow_oven/build/embedded/stm32f1xx_hal_tim_ex.obj
 .text.HAL_TIMEx_HallSensor_Stop
                0x0000000000000000       0x42 components/reflow_oven/build/embedded/stm32f1xx_hal_tim_ex.obj
 .text.HAL_TIMEx_HallSensor_Start_IT
                0x0000000000000000       0xac components/reflow_oven/build/embedded/stm32f1xx_hal_tim_ex.obj
 .text.HAL_TIMEx_HallSensor_Stop_IT
                0x0000000000000000       0x4c components/reflow_oven/build/embedded/stm32f1xx_hal_tim_ex.obj
 .text.HAL_TIMEx_HallSensor_Start_DMA
                0x0000000000000000       0xd4 components/reflow_oven/build/embedded/stm32f1xx_hal_tim_ex.obj
 .text.HAL_TIMEx_HallSensor_Stop_DMA
                0x0000000000000000       0x4a components/reflow_oven/build/embedded/stm32f1xx_hal_tim_ex.obj
 .text.HAL_TIMEx_OCN_Start
                0x0000000000000000       0xdc components/reflow_oven/build/embedded/stm32f1xx_hal_tim_ex.obj
 .text.HAL_TIMEx_OCN_Stop
                0x0000000000000000       0x76 components/reflow_oven/build/embedded/stm32f1xx_hal_tim_ex.obj
 .text.HAL_TIMEx_OCN_Start_IT
                0x0000000000000000      0x118 components/reflow_oven/build/embedded/stm32f1xx_hal_tim_ex.obj
 .text.HAL_TIMEx_OCN_Stop_IT
                0x0000000000000000       0xbc components/reflow_oven/build/embedded/stm32f1xx_hal_tim_ex.obj
 .text.HAL_TIMEx_OCN_Start_DMA
                0x0000000000000000      0x1f4 components/reflow_oven/build/embedded/stm32f1xx_hal_tim_ex.obj
 .text.HAL_TIMEx_OCN_Stop_DMA
                0x0000000000000000       0xb8 components/reflow_oven/build/embedded/stm32f1xx_hal_tim_ex.obj
 .text.HAL_TIMEx_PWMN_Start
                0x0000000000000000       0xdc components/reflow_oven/build/embedded/stm32f1xx_hal_tim_ex.obj
 .text.HAL_TIMEx_PWMN_Stop
                0x0000000000000000       0x76 components/reflow_oven/build/embedded/stm32f1xx_hal_tim_ex.obj
 .text.HAL_TIMEx_PWMN_Start_IT
                0x0000000000000000      0x118 components/reflow_oven/build/embedded/stm32f1xx_hal_tim_ex.obj
 .text.HAL_TIMEx_PWMN_Stop_IT
                0x0000000000000000       0xbc components/reflow_oven/build/embedded/stm32f1xx_hal_tim_ex.obj
 .text.HAL_TIMEx_PWMN_Start_DMA
                0x0000000000000000      0x1f4 components/reflow_oven/build/embedded/stm32f1xx_hal_tim_ex.obj
 .text.HAL_TIMEx_PWMN_Stop_DMA
                0x0000000000000000       0xb8 components/reflow_oven/build/embedded/stm32f1xx_hal_tim_ex.obj
 .text.HAL_TIMEx_OnePulseN_Start
                0x0000000000000000       0x7a components/reflow_oven/build/embedded/stm32f1xx_hal_tim_ex.obj
 .text.HAL_TIMEx_OnePulseN_Stop
                0x0000000000000000       0x76 components/reflow_oven/build/embedded/stm32f1xx_hal_tim_ex.obj
 .text.HAL_TIMEx_OnePulseN_Start_IT
                0x0000000000000000       0x8e components/reflow_oven/build/embedded/stm32f1xx_hal_tim_ex.obj
 .text.HAL_TIMEx_OnePulseN_Stop_IT
                0x0000000000000000       0x8a components/reflow_oven/build/embedded/stm32f1xx_hal_tim_ex.obj
 .text.HAL_TIMEx_ConfigCommutEvent
                0x0000000000000000       0x70 components/reflow_oven/build/embedded/stm32f1xx_hal_tim_ex.obj
 .text.HAL_TIMEx_ConfigCommutEvent_IT
                0x0000000000000000       0x70 components/reflow_oven/build/embedded/stm32f1xx_hal_tim_ex.obj
 .text.HAL_TIMEx_ConfigCommutEvent_DMA
                0x0000000000000000       0x90 components/reflow_oven/build/embedded/stm32f1xx_hal_tim_ex.obj
 .text.HAL_TIMEx_MasterConfigSynchronization
                0x0000000000000000       0x68 components/reflow_oven/build/embedded/stm32f1xx_hal_tim_ex.obj
 .text.HAL_TIMEx_ConfigBreakDeadTime
                0x0000000000000000       0x52 components/reflow_oven/build/embedded/stm32f1xx_hal_tim_ex.obj
 .text.HAL_TIMEx_RemapConfig
                0x0000000000000000        0x4 components/reflow_oven/build/embedded/stm32f1xx_hal_tim_ex.obj
 .text.HAL_TIMEx_CommutCallback
                0x0000000000000000        0x2 components/reflow_oven/build/embedded/stm32f1xx_hal_tim_ex.obj
 .text.TIMEx_DMACommutationCplt
                0x0000000000000000       0x10 components/reflow_oven/build/embedded/stm32f1xx_hal_tim_ex.obj
 .text.HAL_TIMEx_CommutHalfCpltCallback
                0x0000000000000000        0x2 components/reflow_oven/build/embedded/stm32f1xx_hal_tim_ex.obj
 .text.TIMEx_DMACommutationHalfCplt
                0x0000000000000000       0x10 components/reflow_oven/build/embedded/stm32f1xx_hal_tim_ex.obj
 .text.HAL_TIMEx_BreakCallback
                0x0000000000000000        0x2 components/reflow_oven/build/embedded/stm32f1xx_hal_tim_ex.obj
 .text.HAL_TIMEx_HallSensor_GetState
                0x0000000000000000        0x6 components/reflow_oven/build/embedded/stm32f1xx_hal_tim_ex.obj
 .text.HAL_TIMEx_GetChannelNState
                0x0000000000000000       0x2a components/reflow_oven/build/embedded/stm32f1xx_hal_tim_ex.obj
 .debug_info    0x0000000000000000     0x17ed components/reflow_oven/build/embedded/stm32f1xx_hal_tim_ex.obj
 .debug_abbrev  0x0000000000000000      0x243 components/reflow_oven/build/embedded/stm32f1xx_hal_tim_ex.obj
 .debug_loc     0x0000000000000000     0x1a48 components/reflow_oven/build/embedded/stm32f1xx_hal_tim_ex.obj
 .debug_aranges
                0x0000000000000000      0x168 components/reflow_oven/build/embedded/stm32f1xx_hal_tim_ex.obj
 .debug_ranges  0x0000000000000000      0x158 components/reflow_oven/build/embedded/stm32f1xx_hal_tim_ex.obj
 .debug_line    0x0000000000000000      0xd47 components/reflow_oven/build/embedded/stm32f1xx_hal_tim_ex.obj
 .debug_str     0x0000000000000000      0xf20 components/reflow_oven/build/embedded/stm32f1xx_hal_tim_ex.obj
 .comment       0x0000000000000000       0x7f components/reflow_oven/build/embedded/stm32f1xx_hal_tim_ex.obj
 .debug_frame   0x0000000000000000      0x47c components/reflow_oven/build/embedded/stm32f1xx_hal_tim_ex.obj
 .ARM.attributes
                0x0000000000000000       0x33 components/reflow_oven/build/embedded/stm32f1xx_hal_tim_ex.obj
 .text          0x0000000000000000       0x14 components/reflow_oven/build/embedded/startup_stm32f103xb.obj
 .data          0x0000000000000000        0x0 components/reflow_oven/build/embedded/startup_stm32f103xb.obj
 .bss           0x0000000000000000        0x0 components/reflow_oven/build/embedded/startup_stm32f103xb.obj
 .text          0x0000000000000000        0x0 components/reflow_oven/build/embedded/system_stm32f1xx.obj
 .data          0x0000000000000000        0x0 components/reflow_oven/build/embedded/system_stm32f1xx.obj
 .bss           0x0000000000000000        0x0 components/reflow_oven/build/embedded/system_stm32f1xx.obj
 .text.SystemCoreClockUpdate
                0x0000000000000000       0x94 components/reflow_oven/build/embedded/system_stm32f1xx.obj
 .rodata.AHBPrescTable
                0x0000000000000000       0x10 components/reflow_oven/build/embedded/system_stm32f1xx.obj
 .rodata.APBPrescTable
                0x0000000000000000        0x8 components/reflow_oven/build/embedded/system_stm32f1xx.obj
 .text          0x0000000000000000        0x0 components/reflow_oven/build/src/SystemManager.obj
 .data          0x0000000000000000        0x0 components/reflow_oven/build/src/SystemManager.obj
 .bss           0x0000000000000000        0x0 components/reflow_oven/build/src/SystemManager.obj
 .text          0x0000000000000000        0x0 components/reflow_oven/build/HW/HW_spi.obj
 .data          0x0000000000000000        0x0 components/reflow_oven/build/HW/HW_spi.obj
 .bss           0x0000000000000000        0x0 components/reflow_oven/build/HW/HW_spi.obj
 .text.HW_SPI_Transmit16
                0x0000000000000000       0x3e components/reflow_oven/build/HW/HW_spi.obj
 .text.HW_SPI_Transmit32
                0x0000000000000000       0x82 components/reflow_oven/build/HW/HW_spi.obj
 .text.HW_SPI_TransmitReceive8
                0x0000000000000000       0x30 components/reflow_oven/build/HW/HW_spi.obj
 .text          0x0000000000000000      0x378 /opt/toolchains/gcc-arm-none-eabi/bin/../lib/gcc/arm-none-eabi/7.2.1/thumb/v7-m/libgcc.a(_arm_addsubdf3.o)
 .data          0x0000000000000000        0x0 /opt/toolchains/gcc-arm-none-eabi/bin/../lib/gcc/arm-none-eabi/7.2.1/thumb/v7-m/libgcc.a(_arm_addsubdf3.o)
 .bss           0x0000000000000000        0x0 /opt/toolchains/gcc-arm-none-eabi/bin/../lib/gcc/arm-none-eabi/7.2.1/thumb/v7-m/libgcc.a(_arm_addsubdf3.o)
 .debug_frame   0x0000000000000000       0xac /opt/toolchains/gcc-arm-none-eabi/bin/../lib/gcc/arm-none-eabi/7.2.1/thumb/v7-m/libgcc.a(_arm_addsubdf3.o)
 .ARM.attributes
                0x0000000000000000       0x1d /opt/toolchains/gcc-arm-none-eabi/bin/../lib/gcc/arm-none-eabi/7.2.1/thumb/v7-m/libgcc.a(_arm_addsubdf3.o)
 .text          0x0000000000000000      0x424 /opt/toolchains/gcc-arm-none-eabi/bin/../lib/gcc/arm-none-eabi/7.2.1/thumb/v7-m/libgcc.a(_arm_muldivdf3.o)
 .data          0x0000000000000000        0x0 /opt/toolchains/gcc-arm-none-eabi/bin/../lib/gcc/arm-none-eabi/7.2.1/thumb/v7-m/libgcc.a(_arm_muldivdf3.o)
 .bss           0x0000000000000000        0x0 /opt/toolchains/gcc-arm-none-eabi/bin/../lib/gcc/arm-none-eabi/7.2.1/thumb/v7-m/libgcc.a(_arm_muldivdf3.o)
 .debug_frame   0x0000000000000000       0x50 /opt/toolchains/gcc-arm-none-eabi/bin/../lib/gcc/arm-none-eabi/7.2.1/thumb/v7-m/libgcc.a(_arm_muldivdf3.o)
 .ARM.attributes
                0x0000000000000000       0x1d /opt/toolchains/gcc-arm-none-eabi/bin/../lib/gcc/arm-none-eabi/7.2.1/thumb/v7-m/libgcc.a(_arm_muldivdf3.o)
 .text          0x0000000000000000      0x110 /opt/toolchains/gcc-arm-none-eabi/bin/../lib/gcc/arm-none-eabi/7.2.1/thumb/v7-m/libgcc.a(_arm_cmpdf2.o)
 .data          0x0000000000000000        0x0 /opt/toolchains/gcc-arm-none-eabi/bin/../lib/gcc/arm-none-eabi/7.2.1/thumb/v7-m/libgcc.a(_arm_cmpdf2.o)
 .bss           0x0000000000000000        0x0 /opt/toolchains/gcc-arm-none-eabi/bin/../lib/gcc/arm-none-eabi/7.2.1/thumb/v7-m/libgcc.a(_arm_cmpdf2.o)
 .debug_frame   0x0000000000000000       0xc4 /opt/toolchains/gcc-arm-none-eabi/bin/../lib/gcc/arm-none-eabi/7.2.1/thumb/v7-m/libgcc.a(_arm_cmpdf2.o)
 .ARM.attributes
                0x0000000000000000       0x1d /opt/toolchains/gcc-arm-none-eabi/bin/../lib/gcc/arm-none-eabi/7.2.1/thumb/v7-m/libgcc.a(_arm_cmpdf2.o)
 .text          0x0000000000000000       0x50 /opt/toolchains/gcc-arm-none-eabi/bin/../lib/gcc/arm-none-eabi/7.2.1/thumb/v7-m/libgcc.a(_arm_fixdfsi.o)
 .data          0x0000000000000000        0x0 /opt/toolchains/gcc-arm-none-eabi/bin/../lib/gcc/arm-none-eabi/7.2.1/thumb/v7-m/libgcc.a(_arm_fixdfsi.o)
 .bss           0x0000000000000000        0x0 /opt/toolchains/gcc-arm-none-eabi/bin/../lib/gcc/arm-none-eabi/7.2.1/thumb/v7-m/libgcc.a(_arm_fixdfsi.o)
 .debug_frame   0x0000000000000000       0x24 /opt/toolchains/gcc-arm-none-eabi/bin/../lib/gcc/arm-none-eabi/7.2.1/thumb/v7-m/libgcc.a(_arm_fixdfsi.o)
 .ARM.attributes
                0x0000000000000000       0x1d /opt/toolchains/gcc-arm-none-eabi/bin/../lib/gcc/arm-none-eabi/7.2.1/thumb/v7-m/libgcc.a(_arm_fixdfsi.o)
 .text          0x0000000000000000       0x40 /opt/toolchains/gcc-arm-none-eabi/bin/../lib/gcc/arm-none-eabi/7.2.1/thumb/v7-m/libgcc.a(_arm_fixunsdfsi.o)
 .data          0x0000000000000000        0x0 /opt/toolchains/gcc-arm-none-eabi/bin/../lib/gcc/arm-none-eabi/7.2.1/thumb/v7-m/libgcc.a(_arm_fixunsdfsi.o)
 .bss           0x0000000000000000        0x0 /opt/toolchains/gcc-arm-none-eabi/bin/../lib/gcc/arm-none-eabi/7.2.1/thumb/v7-m/libgcc.a(_arm_fixunsdfsi.o)
 .debug_frame   0x0000000000000000       0x24 /opt/toolchains/gcc-arm-none-eabi/bin/../lib/gcc/arm-none-eabi/7.2.1/thumb/v7-m/libgcc.a(_arm_fixunsdfsi.o)
 .ARM.attributes
                0x0000000000000000       0x1d /opt/toolchains/gcc-arm-none-eabi/bin/../lib/gcc/arm-none-eabi/7.2.1/thumb/v7-m/libgcc.a(_arm_fixunsdfsi.o)
 .text          0x0000000000000000        0x0 /opt/toolchains/gcc-arm-none-eabi/bin/../lib/gcc/arm-none-eabi/7.2.1/../../../../arm-none-eabi/lib/thumb/v7-m/libg_nano.a(lib_a-exit.o)
 .data          0x0000000000000000        0x0 /opt/toolchains/gcc-arm-none-eabi/bin/../lib/gcc/arm-none-eabi/7.2.1/../../../../arm-none-eabi/lib/thumb/v7-m/libg_nano.a(lib_a-exit.o)
 .bss           0x0000000000000000        0x0 /opt/toolchains/gcc-arm-none-eabi/bin/../lib/gcc/arm-none-eabi/7.2.1/../../../../arm-none-eabi/lib/thumb/v7-m/libg_nano.a(lib_a-exit.o)
 .text.exit     0x0000000000000000       0x28 /opt/toolchains/gcc-arm-none-eabi/bin/../lib/gcc/arm-none-eabi/7.2.1/../../../../arm-none-eabi/lib/thumb/v7-m/libg_nano.a(lib_a-exit.o)
 .debug_frame   0x0000000000000000       0x28 /opt/toolchains/gcc-arm-none-eabi/bin/../lib/gcc/arm-none-eabi/7.2.1/../../../../arm-none-eabi/lib/thumb/v7-m/libg_nano.a(lib_a-exit.o)
 .ARM.attributes
                0x0000000000000000       0x2d /opt/toolchains/gcc-arm-none-eabi/bin/../lib/gcc/arm-none-eabi/7.2.1/../../../../arm-none-eabi/lib/thumb/v7-m/libg_nano.a(lib_a-exit.o)
 .text          0x0000000000000000        0x0 /opt/toolchains/gcc-arm-none-eabi/bin/../lib/gcc/arm-none-eabi/7.2.1/../../../../arm-none-eabi/lib/thumb/v7-m/libg_nano.a(lib_a-impure.o)
 .data          0x0000000000000000        0x0 /opt/toolchains/gcc-arm-none-eabi/bin/../lib/gcc/arm-none-eabi/7.2.1/../../../../arm-none-eabi/lib/thumb/v7-m/libg_nano.a(lib_a-impure.o)
 .bss           0x0000000000000000        0x0 /opt/toolchains/gcc-arm-none-eabi/bin/../lib/gcc/arm-none-eabi/7.2.1/../../../../arm-none-eabi/lib/thumb/v7-m/libg_nano.a(lib_a-impure.o)
 .data._impure_ptr
                0x0000000000000000        0x4 /opt/toolchains/gcc-arm-none-eabi/bin/../lib/gcc/arm-none-eabi/7.2.1/../../../../arm-none-eabi/lib/thumb/v7-m/libg_nano.a(lib_a-impure.o)
 .data.impure_data
                0x0000000000000000       0x60 /opt/toolchains/gcc-arm-none-eabi/bin/../lib/gcc/arm-none-eabi/7.2.1/../../../../arm-none-eabi/lib/thumb/v7-m/libg_nano.a(lib_a-impure.o)
 .rodata._global_impure_ptr
                0x0000000000000000        0x4 /opt/toolchains/gcc-arm-none-eabi/bin/../lib/gcc/arm-none-eabi/7.2.1/../../../../arm-none-eabi/lib/thumb/v7-m/libg_nano.a(lib_a-impure.o)
 .ARM.attributes
                0x0000000000000000       0x2d /opt/toolchains/gcc-arm-none-eabi/bin/../lib/gcc/arm-none-eabi/7.2.1/../../../../arm-none-eabi/lib/thumb/v7-m/libg_nano.a(lib_a-impure.o)
 .text          0x0000000000000000        0x0 /opt/toolchains/gcc-arm-none-eabi/bin/../lib/gcc/arm-none-eabi/7.2.1/../../../../arm-none-eabi/lib/thumb/v7-m/libg_nano.a(lib_a-init.o)
 .data          0x0000000000000000        0x0 /opt/toolchains/gcc-arm-none-eabi/bin/../lib/gcc/arm-none-eabi/7.2.1/../../../../arm-none-eabi/lib/thumb/v7-m/libg_nano.a(lib_a-init.o)
 .bss           0x0000000000000000        0x0 /opt/toolchains/gcc-arm-none-eabi/bin/../lib/gcc/arm-none-eabi/7.2.1/../../../../arm-none-eabi/lib/thumb/v7-m/libg_nano.a(lib_a-init.o)
 .text          0x0000000000000000        0x0 /opt/toolchains/gcc-arm-none-eabi/bin/../lib/gcc/arm-none-eabi/7.2.1/../../../../arm-none-eabi/lib/thumb/v7-m/libg_nano.a(lib_a-memset.o)
 .data          0x0000000000000000        0x0 /opt/toolchains/gcc-arm-none-eabi/bin/../lib/gcc/arm-none-eabi/7.2.1/../../../../arm-none-eabi/lib/thumb/v7-m/libg_nano.a(lib_a-memset.o)
 .bss           0x0000000000000000        0x0 /opt/toolchains/gcc-arm-none-eabi/bin/../lib/gcc/arm-none-eabi/7.2.1/../../../../arm-none-eabi/lib/thumb/v7-m/libg_nano.a(lib_a-memset.o)
 .text          0x0000000000000000        0x0 /opt/toolchains/gcc-arm-none-eabi/bin/../lib/gcc/arm-none-eabi/7.2.1/../../../../arm-none-eabi/lib/thumb/v7-m/libnosys.a(_exit.o)
 .data          0x0000000000000000        0x0 /opt/toolchains/gcc-arm-none-eabi/bin/../lib/gcc/arm-none-eabi/7.2.1/../../../../arm-none-eabi/lib/thumb/v7-m/libnosys.a(_exit.o)
 .bss           0x0000000000000000        0x0 /opt/toolchains/gcc-arm-none-eabi/bin/../lib/gcc/arm-none-eabi/7.2.1/../../../../arm-none-eabi/lib/thumb/v7-m/libnosys.a(_exit.o)
 .text._exit    0x0000000000000000        0x4 /opt/toolchains/gcc-arm-none-eabi/bin/../lib/gcc/arm-none-eabi/7.2.1/../../../../arm-none-eabi/lib/thumb/v7-m/libnosys.a(_exit.o)
 .debug_frame   0x0000000000000000       0x20 /opt/toolchains/gcc-arm-none-eabi/bin/../lib/gcc/arm-none-eabi/7.2.1/../../../../arm-none-eabi/lib/thumb/v7-m/libnosys.a(_exit.o)
 .ARM.attributes
                0x0000000000000000       0x2d /opt/toolchains/gcc-arm-none-eabi/bin/../lib/gcc/arm-none-eabi/7.2.1/../../../../arm-none-eabi/lib/thumb/v7-m/libnosys.a(_exit.o)
 .text          0x0000000000000000        0x0 /opt/toolchains/gcc-arm-none-eabi/bin/../lib/gcc/arm-none-eabi/7.2.1/thumb/v7-m/crtend.o
 .data          0x0000000000000000        0x0 /opt/toolchains/gcc-arm-none-eabi/bin/../lib/gcc/arm-none-eabi/7.2.1/thumb/v7-m/crtend.o
 .bss           0x0000000000000000        0x0 /opt/toolchains/gcc-arm-none-eabi/bin/../lib/gcc/arm-none-eabi/7.2.1/thumb/v7-m/crtend.o
 .eh_frame      0x0000000000000000        0x4 /opt/toolchains/gcc-arm-none-eabi/bin/../lib/gcc/arm-none-eabi/7.2.1/thumb/v7-m/crtend.o
 .ARM.attributes
                0x0000000000000000       0x2d /opt/toolchains/gcc-arm-none-eabi/bin/../lib/gcc/arm-none-eabi/7.2.1/thumb/v7-m/crtend.o
 .text          0x0000000000000000        0x0 /opt/toolchains/gcc-arm-none-eabi/bin/../lib/gcc/arm-none-eabi/7.2.1/thumb/v7-m/crtn.o
 .data          0x0000000000000000        0x0 /opt/toolchains/gcc-arm-none-eabi/bin/../lib/gcc/arm-none-eabi/7.2.1/thumb/v7-m/crtn.o
 .bss           0x0000000000000000        0x0 /opt/toolchains/gcc-arm-none-eabi/bin/../lib/gcc/arm-none-eabi/7.2.1/thumb/v7-m/crtn.o

Memory Configuration

Name             Origin             Length             Attributes
RAM              0x0000000020000000 0x0000000000005000 xrw
FLASH            0x0000000008000000 0x000000000000fc00 xr
NVM              0x000000000800fc00 0x0000000000000400 r
*default*        0x0000000000000000 0xffffffffffffffff

Linker script and memory map

LOAD /opt/toolchains/gcc-arm-none-eabi/bin/../lib/gcc/arm-none-eabi/7.2.1/thumb/v7-m/crti.o
LOAD /opt/toolchains/gcc-arm-none-eabi/bin/../lib/gcc/arm-none-eabi/7.2.1/thumb/v7-m/crtbegin.o
LOAD /opt/toolchains/gcc-arm-none-eabi/bin/../lib/gcc/arm-none-eabi/7.2.1/../../../../arm-none-eabi/lib/thumb/v7-m/crt0.o
LOAD components/reflow_oven/build/embedded/printf.obj
LOAD components/reflow_oven/build/embedded/stm32f1xx_hal.obj
LOAD components/reflow_oven/build/embedded/stm32f1xx_hal_cortex.obj
LOAD components/reflow_oven/build/embedded/stm32f1xx_hal_dma.obj
LOAD components/reflow_oven/build/embedded/stm32f1xx_hal_flash.obj
LOAD components/reflow_oven/build/embedded/stm32f1xx_hal_gpio.obj
LOAD components/reflow_oven/build/embedded/stm32f1xx_hal_rcc.obj
LOAD components/reflow_oven/build/embedded/stm32f1xx_hal_rcc_ex.obj
LOAD components/reflow_oven/build/embedded/stm32f1xx_ll_spi.obj
LOAD components/reflow_oven/build/embedded/stm32f1xx_hal_tim.obj
LOAD components/reflow_oven/build/embedded/stm32f1xx_hal_tim_ex.obj
LOAD components/reflow_oven/build/embedded/startup_stm32f103xb.obj
LOAD components/reflow_oven/build/embedded/system_stm32f1xx.obj
LOAD components/reflow_oven/build/src/SystemManager.obj
LOAD components/reflow_oven/build/HW/HW_spi.obj
START GROUP
LOAD /opt/toolchains/gcc-arm-none-eabi/bin/../lib/gcc/arm-none-eabi/7.2.1/thumb/v7-m/libgcc.a
LOAD /opt/toolchains/gcc-arm-none-eabi/bin/../lib/gcc/arm-none-eabi/7.2.1/../../../../arm-none-eabi/lib/thumb/v7-m/libg_nano.a
LOAD /opt/toolchains/gcc-arm-none-eabi/bin/../lib/gcc/arm-none-eabi/7.2.1/../../../../arm-none-eabi/lib/thumb/v7-m/libc_nano.a
END GROUP
START GROUP
LOAD /opt/toolchains/gcc-arm-none-eabi/bin/../lib/gcc/arm-none-eabi/7.2.1/thumb/v7-m/libgcc.a
LOAD /opt/toolchains/gcc-arm-none-eabi/bin/../lib/gcc/arm-none-eabi/7.2.1/../../../../arm-none-eabi/lib/thumb/v7-m/libc_nano.a
LOAD /opt/toolchains/gcc-arm-none-eabi/bin/../lib/gcc/arm-none-eabi/7.2.1/../../../../arm-none-eabi/lib/thumb/v7-m/libnosys.a
END GROUP
START GROUP
LOAD /opt/toolchains/gcc-arm-none-eabi/bin/../lib/gcc/arm-none-eabi/7.2.1/thumb/v7-m/libgcc.a
LOAD /opt/toolchains/gcc-arm-none-eabi/bin/../lib/gcc/arm-none-eabi/7.2.1/../../../../arm-none-eabi/lib/thumb/v7-m/libc_nano.a
LOAD /opt/toolchains/gcc-arm-none-eabi/bin/../lib/gcc/arm-none-eabi/7.2.1/../../../../arm-none-eabi/lib/thumb/v7-m/libnosys.a
END GROUP
LOAD /opt/toolchains/gcc-arm-none-eabi/bin/../lib/gcc/arm-none-eabi/7.2.1/thumb/v7-m/crtend.o
LOAD /opt/toolchains/gcc-arm-none-eabi/bin/../lib/gcc/arm-none-eabi/7.2.1/thumb/v7-m/crtn.o
                0x0000000020005000                _estack = (ORIGIN (RAM) + LENGTH (RAM))
                0x0000000000000400                __STACK_SIZE = 0x400
                0x0000000000000200                __HEAP_SIZE = 0x200
                0x0000000000005000                __RAM_SIZE = 0x5000
                0x0000000000000400                __NVM_SIZE = 0x400
                0x000000000000fc00                __FLASH_SIZE = (0x10000 - __NVM_SIZE)
                0x0000000020000000                __RAM_ORIGIN = 0x20000000
                0x0000000008000000                __FLASH_ORIGIN = 0x8000000
                0x000000000800fc00                __NVM_ORIGIN = (__FLASH_ORIGIN + __FLASH_SIZE)

.text           0x0000000008000000      0x640
                0x0000000008000000                . = ALIGN (0x4)
 *(.isr_vector)
 .isr_vector    0x0000000008000000      0x10c components/reflow_oven/build/embedded/startup_stm32f103xb.obj
                0x0000000008000000                g_pfnVectors
 *(.text .text.* .gnu.linkonce.t.*)
 .text          0x000000000800010c       0x40 /opt/toolchains/gcc-arm-none-eabi/bin/../lib/gcc/arm-none-eabi/7.2.1/thumb/v7-m/crtbegin.o
 .text.HAL_MspInit
                0x000000000800014c        0x2 components/reflow_oven/build/embedded/stm32f1xx_hal.obj
                0x000000000800014c                HAL_MspInit
 *fill*         0x000000000800014e        0x2 
 .text.HAL_InitTick
                0x0000000008000150       0x4c components/reflow_oven/build/embedded/stm32f1xx_hal.obj
                0x0000000008000150                HAL_InitTick
 .text.HAL_Init
                0x000000000800019c       0x24 components/reflow_oven/build/embedded/stm32f1xx_hal.obj
                0x000000000800019c                HAL_Init
 .text.HAL_NVIC_SetPriorityGrouping
                0x00000000080001c0       0x24 components/reflow_oven/build/embedded/stm32f1xx_hal_cortex.obj
                0x00000000080001c0                HAL_NVIC_SetPriorityGrouping
 .text.HAL_NVIC_SetPriority
                0x00000000080001e4       0x68 components/reflow_oven/build/embedded/stm32f1xx_hal_cortex.obj
                0x00000000080001e4                HAL_NVIC_SetPriority
 .text.HAL_SYSTICK_Config
                0x000000000800024c       0x2c components/reflow_oven/build/embedded/stm32f1xx_hal_cortex.obj
                0x000000000800024c                HAL_SYSTICK_Config
 .text.HAL_GPIO_Init
                0x0000000008000278      0x1d8 components/reflow_oven/build/embedded/stm32f1xx_hal_gpio.obj
                0x0000000008000278                HAL_GPIO_Init
 .text.LL_SPI_Init
                0x0000000008000450       0x60 components/reflow_oven/build/embedded/stm32f1xx_ll_spi.obj
                0x0000000008000450                LL_SPI_Init
 .text.Reset_Handler
                0x00000000080004b0       0x48 components/reflow_oven/build/embedded/startup_stm32f103xb.obj
                0x00000000080004b0                Reset_Handler
 .text.Default_Handler
                0x00000000080004f8        0x2 components/reflow_oven/build/embedded/startup_stm32f103xb.obj
                0x00000000080004f8                RTC_Alarm_IRQHandler
                0x00000000080004f8                EXTI2_IRQHandler
                0x00000000080004f8                DebugMon_Handler
                0x00000000080004f8                TIM1_CC_IRQHandler
                0x00000000080004f8                HardFault_Handler
                0x00000000080004f8                SysTick_Handler
                0x00000000080004f8                PVD_IRQHandler
                0x00000000080004f8                PendSV_Handler
                0x00000000080004f8                NMI_Handler
                0x00000000080004f8                EXTI3_IRQHandler
                0x00000000080004f8                EXTI0_IRQHandler
                0x00000000080004f8                I2C2_EV_IRQHandler
                0x00000000080004f8                UsageFault_Handler
                0x00000000080004f8                ADC1_2_IRQHandler
                0x00000000080004f8                SPI1_IRQHandler
                0x00000000080004f8                TAMPER_IRQHandler
                0x00000000080004f8                DMA1_Channel4_IRQHandler
                0x00000000080004f8                USART3_IRQHandler
                0x00000000080004f8                RTC_IRQHandler
                0x00000000080004f8                DMA1_Channel7_IRQHandler
                0x00000000080004f8                CAN1_RX1_IRQHandler
                0x00000000080004f8                TIM4_IRQHandler
                0x00000000080004f8                I2C1_EV_IRQHandler
                0x00000000080004f8                DMA1_Channel6_IRQHandler
                0x00000000080004f8                TIM3_IRQHandler
                0x00000000080004f8                RCC_IRQHandler
                0x00000000080004f8                TIM1_TRG_COM_IRQHandler
                0x00000000080004f8                DMA1_Channel1_IRQHandler
                0x00000000080004f8                Default_Handler
                0x00000000080004f8                EXTI15_10_IRQHandler
                0x00000000080004f8                EXTI9_5_IRQHandler
                0x00000000080004f8                SPI2_IRQHandler
                0x00000000080004f8                MemManage_Handler
                0x00000000080004f8                SVC_Handler
                0x00000000080004f8                DMA1_Channel5_IRQHandler
                0x00000000080004f8                EXTI4_IRQHandler
                0x00000000080004f8                USB_LP_CAN1_RX0_IRQHandler
                0x00000000080004f8                USB_HP_CAN1_TX_IRQHandler
                0x00000000080004f8                DMA1_Channel3_IRQHandler
                0x00000000080004f8                TIM1_UP_IRQHandler
                0x00000000080004f8                WWDG_IRQHandler
                0x00000000080004f8                TIM2_IRQHandler
                0x00000000080004f8                TIM1_BRK_IRQHandler
                0x00000000080004f8                EXTI1_IRQHandler
                0x00000000080004f8                USART2_IRQHandler
                0x00000000080004f8                I2C2_ER_IRQHandler
                0x00000000080004f8                DMA1_Channel2_IRQHandler
                0x00000000080004f8                CAN1_SCE_IRQHandler
                0x00000000080004f8                FLASH_IRQHandler
                0x00000000080004f8                BusFault_Handler
                0x00000000080004f8                USART1_IRQHandler
                0x00000000080004f8                I2C1_ER_IRQHandler
                0x00000000080004f8                USBWakeUp_IRQHandler
 .text.SystemInit
                0x00000000080004fa        0x2 components/reflow_oven/build/embedded/system_stm32f1xx.obj
                0x00000000080004fa                SystemInit
 .text.main     0x00000000080004fc       0x1c components/reflow_oven/build/src/SystemManager.obj
                0x00000000080004fc                main
 .text.Error_Handler
                0x0000000008000518        0x4 components/reflow_oven/build/src/SystemManager.obj
                0x0000000008000518                Error_Handler
 .text.HW_SPI_Init
                0x000000000800051c       0x8c components/reflow_oven/build/HW/HW_spi.obj
                0x000000000800051c                HW_SPI_Init
 .text.HW_SPI_Transmit8
                0x00000000080005a8       0x1e components/reflow_oven/build/HW/HW_spi.obj
                0x00000000080005a8                HW_SPI_Transmit8
 *fill*         0x00000000080005c6        0x2 
 .text.__libc_init_array
                0x00000000080005c8       0x48 /opt/toolchains/gcc-arm-none-eabi/bin/../lib/gcc/arm-none-eabi/7.2.1/../../../../arm-none-eabi/lib/thumb/v7-m/libg_nano.a(lib_a-init.o)
                0x00000000080005c8                __libc_init_array
 .text.memset   0x0000000008000610       0x10 /opt/toolchains/gcc-arm-none-eabi/bin/../lib/gcc/arm-none-eabi/7.2.1/../../../../arm-none-eabi/lib/thumb/v7-m/libg_nano.a(lib_a-memset.o)
                0x0000000008000610                memset
 *(.rodata .rodata.* .gnu.linkonce.r.*)
 *(.eh_frame)
 .eh_frame      0x0000000008000620        0x0 /opt/toolchains/gcc-arm-none-eabi/bin/../lib/gcc/arm-none-eabi/7.2.1/thumb/v7-m/crtbegin.o
                0x0000000008000620                . = ALIGN (0x4)
 *(.init)
 .init          0x0000000008000620        0x4 /opt/toolchains/gcc-arm-none-eabi/bin/../lib/gcc/arm-none-eabi/7.2.1/thumb/v7-m/crti.o
                0x0000000008000620                _init
 .init          0x0000000008000624        0x8 /opt/toolchains/gcc-arm-none-eabi/bin/../lib/gcc/arm-none-eabi/7.2.1/thumb/v7-m/crtn.o
                0x000000000800062c                . = ALIGN (0x4)
                0x000000000800062c                PROVIDE (__preinit_array_start, .)
 *(.preinit_array)
                0x000000000800062c                PROVIDE (__preinit_array_end, .)
                0x000000000800062c                . = ALIGN (0x4)
                0x000000000800062c                PROVIDE (__init_array_start, .)
 *(.init_array)
 .init_array    0x000000000800062c        0x4 /opt/toolchains/gcc-arm-none-eabi/bin/../lib/gcc/arm-none-eabi/7.2.1/thumb/v7-m/crtbegin.o
 *(SORT_BY_NAME(.init_array.*))
                0x0000000008000630                PROVIDE (__init_array_end, .)
                0x0000000008000630                . = ALIGN (0x4)
 *(.fini)
 .fini          0x0000000008000630        0x4 /opt/toolchains/gcc-arm-none-eabi/bin/../lib/gcc/arm-none-eabi/7.2.1/thumb/v7-m/crti.o
                0x0000000008000630                _fini
 .fini          0x0000000008000634        0x8 /opt/toolchains/gcc-arm-none-eabi/bin/../lib/gcc/arm-none-eabi/7.2.1/thumb/v7-m/crtn.o
                0x000000000800063c                . = ALIGN (0x4)
                [!provide]                        PROVIDE (__fini_array_start, .)
 *(.fini_array)
 .fini_array    0x000000000800063c        0x4 /opt/toolchains/gcc-arm-none-eabi/bin/../lib/gcc/arm-none-eabi/7.2.1/thumb/v7-m/crtbegin.o
 *(SORT_BY_NAME(.fini_array.*))
                [!provide]                        PROVIDE (__fini_array_end, .)
                0x0000000008000640                . = ALIGN (0x4)
 *crtbegin.o(.ctors)
 *(EXCLUDE_FILE(*crtend.o) .ctors)
 *(SORT_BY_NAME(.ctors.*))
 *crtend.o(.ctors)
                0x0000000008000640                . = ALIGN (0x4)
 *crtbegin.o(.dtors)
 *(EXCLUDE_FILE(*crtend.o) .dtors)
 *(SORT_BY_NAME(.dtors.*))
 *crtend.o(.dtors)
                0x0000000008000640                . = ALIGN (0x4)
                0x0000000008000640                _etext = .

.glue_7         0x0000000008000640        0x0
 .glue_7        0x0000000008000640        0x0 linker stubs

.glue_7t        0x0000000008000640        0x0
 .glue_7t       0x0000000008000640        0x0 linker stubs

.vfp11_veneer   0x0000000008000640        0x0
 .vfp11_veneer  0x0000000008000640        0x0 linker stubs

.v4_bx          0x0000000008000640        0x0
 .v4_bx         0x0000000008000640        0x0 linker stubs

.iplt           0x0000000008000640        0x0
 .iplt          0x0000000008000640        0x0 /opt/toolchains/gcc-arm-none-eabi/bin/../lib/gcc/arm-none-eabi/7.2.1/thumb/v7-m/crtbegin.o

.igot.plt       0x0000000008000640        0x0
 .igot.plt      0x0000000008000640        0x0 /opt/toolchains/gcc-arm-none-eabi/bin/../lib/gcc/arm-none-eabi/7.2.1/thumb/v7-m/crtbegin.o

.rel.dyn        0x0000000008000640        0x0
 .rel.iplt      0x0000000008000640        0x0 /opt/toolchains/gcc-arm-none-eabi/bin/../lib/gcc/arm-none-eabi/7.2.1/thumb/v7-m/crtbegin.o

.ARM.extab
 *(.ARM.extab* .gnu.linkonce.armextab.*)

.ARM.exidx      0x0000000008000640        0x0
                [!provide]                        PROVIDE (__exidx_start, .)
 *(.ARM.exidx* .gnu.linkonce.armexidx.*)
                [!provide]                        PROVIDE (__exidx_end, .)

.relocate       0x0000000020000000        0xc load address 0x0000000008000640
                0x0000000020000000                . = ALIGN (0x4)
                0x0000000020000000                _sdata = .
 *(.data .data.*)
 .data.uwTickFreq
                0x0000000020000000        0x1 components/reflow_oven/build/embedded/stm32f1xx_hal.obj
                0x0000000020000000                uwTickFreq
 *fill*         0x0000000020000001        0x3 
 .data.uwTickPrio
                0x0000000020000004        0x4 components/reflow_oven/build/embedded/stm32f1xx_hal.obj
                0x0000000020000004                uwTickPrio
 .data.SystemCoreClock
                0x0000000020000008        0x4 components/reflow_oven/build/embedded/system_stm32f1xx.obj
                0x0000000020000008                SystemCoreClock
 *(.ramfunc .ramfunc.*)
                0x000000002000000c                . = ALIGN (0x4)
                0x000000002000000c                _edata = .
                0x0000000008000640                _sidata = LOADADDR (.relocate)

.bss            0x000000002000000c       0x20 load address 0x000000000800064c
                0x000000002000000c                . = ALIGN (0x4)
                0x000000002000000c                _sbss = .
                0x000000002000000c                __bss_start__ = _sbss
 *(.bss .bss.*)
 .bss           0x000000002000000c       0x1c /opt/toolchains/gcc-arm-none-eabi/bin/../lib/gcc/arm-none-eabi/7.2.1/thumb/v7-m/crtbegin.o
 *(COMMON)
 COMMON         0x0000000020000028        0x4 components/reflow_oven/build/HW/HW_spi.obj
                0x0000000020000028                spi2
                0x000000002000002c                . = ALIGN (0x4)
                0x000000002000002c                _ebss = .
                0x000000002000002c                __bss_end__ = _ebss

.heap           0x000000002000002c      0x204 load address 0x000000000800064c
                0x0000000020000030                . = ALIGN (0x8)
 *fill*         0x000000002000002c        0x4 
                0x0000000020000030                __HeapLimit = .
                0x0000000020000230                . = (. + __HEAP_SIZE)
 *fill*         0x0000000020000030      0x200 
                0x0000000020000230                . = ALIGN (0x8)
                0x0000000020000230                __HeapTop = .
                [!provide]                        PROVIDE (end, .)

.stack          0x0000000020004c00      0x400
                0x0000000020004c00                . = ALIGN (0x8)
                0x0000000020004c00                __StackLimit = .
                0x0000000020005000                . = (. + __STACK_SIZE)
 *fill*         0x0000000020004c00      0x400 
                0x0000000020005000                . = ALIGN (0x8)
                0x0000000020005000                __StackTop = .
                0x0000000020005000                _estack = .
                0x0000000020005000                PROVIDE (__stack, __StackTop)
                0x0000000000000001                ASSERT ((__HeapTop < __StackLimit), RAM overflowed stack)
                0x000000000800fc00                _nvm_base_address = ORIGIN (NVM)
                0x0000000000000400                _nvm_length = LENGTH (NVM)

/DISCARD/
 libc.a(*)
 libm.a(*)
 libgcc.a(*)
OUTPUT(components/reflow_oven/build/reflow_oven.elf elf32-littlearm)

.ARM.attributes
                0x0000000000000000       0x29
 .ARM.attributes
                0x0000000000000000       0x1d /opt/toolchains/gcc-arm-none-eabi/bin/../lib/gcc/arm-none-eabi/7.2.1/thumb/v7-m/crti.o
 .ARM.attributes
                0x000000000000001d       0x2d /opt/toolchains/gcc-arm-none-eabi/bin/../lib/gcc/arm-none-eabi/7.2.1/thumb/v7-m/crtbegin.o
 .ARM.attributes
                0x000000000000004a       0x33 components/reflow_oven/build/embedded/stm32f1xx_hal.obj
 .ARM.attributes
                0x000000000000007d       0x33 components/reflow_oven/build/embedded/stm32f1xx_hal_cortex.obj
 .ARM.attributes
                0x00000000000000b0       0x33 components/reflow_oven/build/embedded/stm32f1xx_hal_gpio.obj
 .ARM.attributes
                0x00000000000000e3       0x33 components/reflow_oven/build/embedded/stm32f1xx_ll_spi.obj
 .ARM.attributes
                0x0000000000000116       0x21 components/reflow_oven/build/embedded/startup_stm32f103xb.obj
 .ARM.attributes
                0x0000000000000137       0x33 components/reflow_oven/build/embedded/system_stm32f1xx.obj
 .ARM.attributes
                0x000000000000016a       0x33 components/reflow_oven/build/src/SystemManager.obj
 .ARM.attributes
                0x000000000000019d       0x33 components/reflow_oven/build/HW/HW_spi.obj
 .ARM.attributes
                0x00000000000001d0       0x2d /opt/toolchains/gcc-arm-none-eabi/bin/../lib/gcc/arm-none-eabi/7.2.1/../../../../arm-none-eabi/lib/thumb/v7-m/libg_nano.a(lib_a-init.o)
 .ARM.attributes
                0x00000000000001fd       0x2d /opt/toolchains/gcc-arm-none-eabi/bin/../lib/gcc/arm-none-eabi/7.2.1/../../../../arm-none-eabi/lib/thumb/v7-m/libg_nano.a(lib_a-memset.o)
 .ARM.attributes
                0x000000000000022a       0x1d /opt/toolchains/gcc-arm-none-eabi/bin/../lib/gcc/arm-none-eabi/7.2.1/thumb/v7-m/crtn.o

.comment        0x0000000000000000       0x7e
 .comment       0x0000000000000000       0x7e components/reflow_oven/build/embedded/stm32f1xx_hal.obj
                                         0x7f (size before relaxing)
 .comment       0x000000000000007e       0x7f components/reflow_oven/build/embedded/stm32f1xx_hal_cortex.obj
 .comment       0x000000000000007e       0x7f components/reflow_oven/build/embedded/stm32f1xx_hal_gpio.obj
 .comment       0x000000000000007e       0x7f components/reflow_oven/build/embedded/stm32f1xx_ll_spi.obj
 .comment       0x000000000000007e       0x7f components/reflow_oven/build/embedded/system_stm32f1xx.obj
 .comment       0x000000000000007e       0x7f components/reflow_oven/build/src/SystemManager.obj
 .comment       0x000000000000007e       0x7f components/reflow_oven/build/HW/HW_spi.obj

.debug_info     0x0000000000000000     0x370a
 .debug_info    0x0000000000000000      0x7bc components/reflow_oven/build/embedded/stm32f1xx_hal.obj
 .debug_info    0x00000000000007bc      0xca1 components/reflow_oven/build/embedded/stm32f1xx_hal_cortex.obj
 .debug_info    0x000000000000145d      0x6a7 components/reflow_oven/build/embedded/stm32f1xx_hal_gpio.obj
 .debug_info    0x0000000000001b04      0x54a components/reflow_oven/build/embedded/stm32f1xx_ll_spi.obj
 .debug_info    0x000000000000204e      0x299 components/reflow_oven/build/embedded/system_stm32f1xx.obj
 .debug_info    0x00000000000022e7      0x6e5 components/reflow_oven/build/src/SystemManager.obj
 .debug_info    0x00000000000029cc      0xd3e components/reflow_oven/build/HW/HW_spi.obj

.debug_abbrev   0x0000000000000000      0xdf2
 .debug_abbrev  0x0000000000000000      0x1ea components/reflow_oven/build/embedded/stm32f1xx_hal.obj
 .debug_abbrev  0x00000000000001ea      0x2ee components/reflow_oven/build/embedded/stm32f1xx_hal_cortex.obj
 .debug_abbrev  0x00000000000004d8      0x1db components/reflow_oven/build/embedded/stm32f1xx_hal_gpio.obj
 .debug_abbrev  0x00000000000006b3      0x1ba components/reflow_oven/build/embedded/stm32f1xx_ll_spi.obj
 .debug_abbrev  0x000000000000086d      0x131 components/reflow_oven/build/embedded/system_stm32f1xx.obj
 .debug_abbrev  0x000000000000099e      0x1bd components/reflow_oven/build/src/SystemManager.obj
 .debug_abbrev  0x0000000000000b5b      0x297 components/reflow_oven/build/HW/HW_spi.obj

.debug_loc      0x0000000000000000     0x11d7
 .debug_loc     0x0000000000000000      0x11b components/reflow_oven/build/embedded/stm32f1xx_hal.obj
 .debug_loc     0x000000000000011b      0x5ad components/reflow_oven/build/embedded/stm32f1xx_hal_cortex.obj
 .debug_loc     0x00000000000006c8      0x3d8 components/reflow_oven/build/embedded/stm32f1xx_hal_gpio.obj
 .debug_loc     0x0000000000000aa0      0x1e0 components/reflow_oven/build/embedded/stm32f1xx_ll_spi.obj
 .debug_loc     0x0000000000000c80       0xdf components/reflow_oven/build/embedded/system_stm32f1xx.obj
 .debug_loc     0x0000000000000d5f      0x478 components/reflow_oven/build/HW/HW_spi.obj

.debug_aranges  0x0000000000000000      0x288
 .debug_aranges
                0x0000000000000000       0xe0 components/reflow_oven/build/embedded/stm32f1xx_hal.obj
 .debug_aranges
                0x00000000000000e0       0x90 components/reflow_oven/build/embedded/stm32f1xx_hal_cortex.obj
 .debug_aranges
                0x0000000000000170       0x58 components/reflow_oven/build/embedded/stm32f1xx_hal_gpio.obj
 .debug_aranges
                0x00000000000001c8       0x30 components/reflow_oven/build/embedded/stm32f1xx_ll_spi.obj
 .debug_aranges
                0x00000000000001f8       0x28 components/reflow_oven/build/embedded/system_stm32f1xx.obj
 .debug_aranges
                0x0000000000000220       0x28 components/reflow_oven/build/src/SystemManager.obj
 .debug_aranges
                0x0000000000000248       0x40 components/reflow_oven/build/HW/HW_spi.obj

.debug_ranges   0x0000000000000000      0x278
 .debug_ranges  0x0000000000000000       0xd0 components/reflow_oven/build/embedded/stm32f1xx_hal.obj
 .debug_ranges  0x00000000000000d0       0xe0 components/reflow_oven/build/embedded/stm32f1xx_hal_cortex.obj
 .debug_ranges  0x00000000000001b0       0x48 components/reflow_oven/build/embedded/stm32f1xx_hal_gpio.obj
 .debug_ranges  0x00000000000001f8       0x20 components/reflow_oven/build/embedded/stm32f1xx_ll_spi.obj
 .debug_ranges  0x0000000000000218       0x18 components/reflow_oven/build/embedded/system_stm32f1xx.obj
 .debug_ranges  0x0000000000000230       0x18 components/reflow_oven/build/src/SystemManager.obj
 .debug_ranges  0x0000000000000248       0x30 components/reflow_oven/build/HW/HW_spi.obj

.debug_line     0x0000000000000000     0x1342
 .debug_line    0x0000000000000000      0x36b components/reflow_oven/build/embedded/stm32f1xx_hal.obj
 .debug_line    0x000000000000036b      0x33e components/reflow_oven/build/embedded/stm32f1xx_hal_cortex.obj
 .debug_line    0x00000000000006a9      0x33a components/reflow_oven/build/embedded/stm32f1xx_hal_gpio.obj
 .debug_line    0x00000000000009e3      0x226 components/reflow_oven/build/embedded/stm32f1xx_ll_spi.obj
 .debug_line    0x0000000000000c09      0x1b4 components/reflow_oven/build/embedded/system_stm32f1xx.obj
 .debug_line    0x0000000000000dbd      0x24b components/reflow_oven/build/src/SystemManager.obj
 .debug_line    0x0000000000001008      0x33a components/reflow_oven/build/HW/HW_spi.obj

.debug_str      0x0000000000000000     0x1394
 .debug_str     0x0000000000000000      0x811 components/reflow_oven/build/embedded/stm32f1xx_hal.obj
                                        0x87a (size before relaxing)
 .debug_str     0x0000000000000811      0x2eb components/reflow_oven/build/embedded/stm32f1xx_hal_cortex.obj
                                        0x980 (size before relaxing)
 .debug_str     0x0000000000000afc      0x1d6 components/reflow_oven/build/embedded/stm32f1xx_hal_gpio.obj
                                        0x4e7 (size before relaxing)
 .debug_str     0x0000000000000cd2      0x1b9 components/reflow_oven/build/embedded/stm32f1xx_ll_spi.obj
                                        0x484 (size before relaxing)
 .debug_str     0x0000000000000e8b       0x67 components/reflow_oven/build/embedded/system_stm32f1xx.obj
                                        0x312 (size before relaxing)
 .debug_str     0x0000000000000ef2      0x3b6 components/reflow_oven/build/src/SystemManager.obj
                                        0x6dc (size before relaxing)
 .debug_str     0x00000000000012a8       0xec components/reflow_oven/build/HW/HW_spi.obj
                                        0x4ef (size before relaxing)

.debug_frame    0x0000000000000000      0x564
 .debug_frame   0x0000000000000000      0x1cc components/reflow_oven/build/embedded/stm32f1xx_hal.obj
 .debug_frame   0x00000000000001cc      0x12c components/reflow_oven/build/embedded/stm32f1xx_hal_cortex.obj
 .debug_frame   0x00000000000002f8       0xe8 components/reflow_oven/build/embedded/stm32f1xx_hal_gpio.obj
 .debug_frame   0x00000000000003e0       0x50 components/reflow_oven/build/embedded/stm32f1xx_ll_spi.obj
 .debug_frame   0x0000000000000430       0x30 components/reflow_oven/build/embedded/system_stm32f1xx.obj
 .debug_frame   0x0000000000000460       0x38 components/reflow_oven/build/src/SystemManager.obj
 .debug_frame   0x0000000000000498       0x80 components/reflow_oven/build/HW/HW_spi.obj
 .debug_frame   0x0000000000000518       0x2c /opt/toolchains/gcc-arm-none-eabi/bin/../lib/gcc/arm-none-eabi/7.2.1/../../../../arm-none-eabi/lib/thumb/v7-m/libg_nano.a(lib_a-init.o)
 .debug_frame   0x0000000000000544       0x20 /opt/toolchains/gcc-arm-none-eabi/bin/../lib/gcc/arm-none-eabi/7.2.1/../../../../arm-none-eabi/lib/thumb/v7-m/libg_nano.a(lib_a-memset.o)
